[    0.000000] Initializing cgroup subsys cpuset  
[    0.000000] Initializing cgroup subsys cpu  
[    0.000000] Initializing cgroup subsys cpuacct  
[    0.000000] Linux version 4.1.6-200.fc22.i686 (mockbuild@bkernel01.phx2.fedoraproject.org) (gcc version 5.1.1 20150618 (Red Hat 5.1.1-4) (GCC) ) #1 SMP Mon Aug 17 20:27:54 UTC 2015  
[    0.000000] Disabled fast string operations  
[    0.000000] e820: BIOS-provided physical RAM map:  
[    0.000000] BIOS-e820: [mem 0x0000000000000000-0x000000000009efff] usable  
[    0.000000] BIOS-e820: [mem 0x000000000009f000-0x000000000009ffff] reserved  
[    0.000000] BIOS-e820: [mem 0x00000000000d2000-0x00000000000d3fff] reserved  
[    0.000000] BIOS-e820: [mem 0x00000000000dc000-0x00000000000fffff] reserved  
[    0.000000] BIOS-e820: [mem 0x0000000000100000-0x000000007fecffff] usable  
[    0.000000] BIOS-e820: [mem 0x000000007fed0000-0x000000007fedefff] ACPI data  
[    0.000000] BIOS-e820: [mem 0x000000007fedf000-0x000000007fefffff] ACPI NVS  
[    0.000000] BIOS-e820: [mem 0x000000007ff00000-0x000000007fffffff] reserved  
[    0.000000] BIOS-e820: [mem 0x00000000f0000000-0x00000000f3ffffff] reserved  
[    0.000000] BIOS-e820: [mem 0x00000000fec00000-0x00000000fec0ffff] reserved  
[    0.000000] BIOS-e820: [mem 0x00000000fed00000-0x00000000fed003ff] reserved  
[    0.000000] BIOS-e820: [mem 0x00000000fed14000-0x00000000fed19fff] reserved  
[    0.000000] BIOS-e820: [mem 0x00000000fed1c000-0x00000000fed8ffff] reserved  
[    0.000000] BIOS-e820: [mem 0x00000000fee00000-0x00000000fee00fff] reserved  
[    0.000000] BIOS-e820: [mem 0x00000000ff800000-0x00000000ffffffff] reserved  
[    0.000000] Notice: NX (Execute Disable) protection cannot be enabled: non-PAE kernel!  
[    0.000000] SMBIOS 2.4 present.  
[    0.000000] DMI: LENOVO 200887U/200887U, BIOS 79ETE1WW (2.21 ) 02/05/2008  
[    0.000000] e820: update [mem 0x00000000-0x00000fff] usable ==> reserved  
[    0.000000] e820: remove [mem 0x000a0000-0x000fffff] usable  
[    0.000000] e820: last_pfn = 0x7fed0 max_arch_pfn = 0x100000  
[    0.000000] MTRR default type: uncachable  
[    0.000000] MTRR fixed ranges enabled:  
[    0.000000]   00000-9FFFF write-back  
[    0.000000]   A0000-BFFFF uncachable  
[    0.000000]   C0000-CFFFF write-protect  
[    0.000000]   D0000-DBFFF uncachable  
[    0.000000]   DC000-DFFFF write-back  
[    0.000000]   E0000-FFFFF write-protect  
[    0.000000] MTRR variable ranges enabled:  
[    0.000000]   0 base 000000000 mask F80000000 write-back  
[    0.000000]   1 base 07FF00000 mask FFFF00000 uncachable  
[    0.000000]   2 disabled  
[    0.000000]   3 disabled  
[    0.000000]   4 disabled  
[    0.000000]   5 disabled  
[    0.000000]   6 disabled  
[    0.000000]   7 disabled  
[    0.000000] PAT not supported by CPU.  
[    0.000000] found SMP MP-table at [mem 0x000f6810-0x000f681f] mapped at [c00f6810]  
[    0.000000] initial memory mapped: [mem 0x00000000-0x013fffff]  
[    0.000000] Base memory trampoline at [c009b000] 9b000 size 16384  
[    0.000000] init_memory_mapping: [mem 0x00000000-0x000fffff]  
[    0.000000]  [mem 0x00000000-0x000fffff] page 4k  
[    0.000000] init_memory_mapping: [mem 0x36c00000-0x36ffffff]  
[    0.000000]  [mem 0x36c00000-0x36ffffff] page 4M  
[    0.000000] init_memory_mapping: [mem 0x00100000-0x36bfffff]  
[    0.000000]  [mem 0x00100000-0x003fffff] page 4k  
[    0.000000]  [mem 0x00400000-0x36bfffff] page 4M  
[    0.000000] init_memory_mapping: [mem 0x37000000-0x373fdfff]  
[    0.000000]  [mem 0x37000000-0x373fdfff] page 4k  
[    0.000000] BRK [0x00f73000, 0x00f73fff] PGTABLE  
[    0.000000] BRK [0x00f74000, 0x00f75fff] PGTABLE  
[    0.000000] RAMDISK: [mem 0x35799000-0x36bc4fff]  
[    0.000000] ACPI: Early table checksum verification disabled  
[    0.000000] ACPI: RSDP 0x00000000000F67E0 000024 (v02 LENOVO)  
[    0.000000] ACPI: XSDT 0x000000007FED14A0 00008C (v01 LENOVO TP-79    00002210  LTP 00000000)  
[    0.000000] ACPI: FACP 0x000000007FED1600 0000F4 (v03 LENOVO TP-79    00002210 LNVO 00000001)  
[    0.000000] ACPI BIOS Warning (bug): 32/64X length mismatch in FADT/Gpe0Block: 64/32 (20150410/tbfadt-623)  
[    0.000000] ACPI BIOS Warning (bug): 32/64X length mismatch in FADT/Gpe1Block: 0/32 (20150410/tbfadt-623)  
[    0.000000] ACPI BIOS Warning (bug): Optional FADT field Gpe1Block has zero address or length: 0x000000000000102C/0x0 (20150410/tbfadt-654)  
[    0.000000] ACPI: DSDT 0x000000007FED195E 00D467 (v01 LENOVO TP-79    00002210 MSFT 0100000E)  
[    0.000000] ACPI: FACS 0x000000007FEF4000 000040  
[    0.000000] ACPI: FACS 0x000000007FEF4000 000040  
[    0.000000] ACPI: SSDT 0x000000007FED17B4 0001AA (v01 LENOVO TP-79    00002210 MSFT 0100000E)  
[    0.000000] ACPI: ECDT 0x000000007FEDEDC5 000052 (v01 LENOVO TP-79    00002210 LNVO 00000001)  
[    0.000000] ACPI: TCPA 0x000000007FEDEE17 000032 (v02 LENOVO TP-79    00002210 LNVO 00000001)  
[    0.000000] ACPI: APIC 0x000000007FEDEE49 000068 (v01 LENOVO TP-79    00002210 LNVO 00000001)  
[    0.000000] ACPI: MCFG 0x000000007FEDEEB1 00003C (v01 LENOVO TP-79    00002210 LNVO 00000001)  
[    0.000000] ACPI: HPET 0x000000007FEDEEED 000038 (v01 LENOVO TP-79    00002210 LNVO 00000001)  
[    0.000000] ACPI: BOOT 0x000000007FEDEFD8 000028 (v01 LENOVO TP-79    00002210  LTP 00000001)  
[    0.000000] ACPI: SSDT 0x000000007FEF2697 00025F (v01 LENOVO TP-79    00002210 INTL 20050513)  
[    0.000000] ACPI: SSDT 0x000000007FEF28F6 0000A6 (v01 LENOVO TP-79    00002210 INTL 20050513)  
[    0.000000] ACPI: SSDT 0x000000007FEF299C 0004F7 (v01 LENOVO TP-79    00002210 INTL 20050513)  
[    0.000000] ACPI: SSDT 0x000000007FEF2E93 0008BD (v01 LENOVO TP-79    00002210 INTL 20050513)  
[    0.000000] ACPI: SSDT 0x000000007FEF3750 00069C (v01 LENOVO TP-79    00002210 INTL 20050513)  
[    0.000000] ACPI: Local APIC address 0xfee00000  
[    0.000000] 1162MB HIGHMEM available.  
[    0.000000] 883MB LOWMEM available.  
[    0.000000]   mapped low ram: 0 - 373fe000  
[    0.000000]   low ram: 0 - 373fe000  
[    0.000000] BRK [0x00f76000, 0x00f76fff] PGTABLE  
[    0.000000] Zone ranges:  
[    0.000000]   DMA      [mem 0x0000000000001000-0x0000000000ffffff]  
[    0.000000]   Normal   [mem 0x0000000001000000-0x00000000373fdfff]  
[    0.000000]   HighMem  [mem 0x00000000373fe000-0x000000007fecffff]  
[    0.000000] Movable zone start for each node  
[    0.000000] Early memory node ranges  
[    0.000000]   node   0: [mem 0x0000000000001000-0x000000000009efff]  
[    0.000000]   node   0: [mem 0x0000000000100000-0x000000007fecffff]  
[    0.000000] Initmem setup node 0 [mem 0x0000000000001000-0x000000007fecffff]  
[    0.000000] On node 0 totalpages: 523886  
[    0.000000] free_area_init_node: node 0, pgdat c0da9c00, node_mem_map f4399028  
[    0.000000]   DMA zone: 40 pages used for memmap  
[    0.000000]   DMA zone: 0 pages reserved  
[    0.000000]   DMA zone: 3998 pages, LIFO batch:0  
[    0.000000]   Normal zone: 2170 pages used for memmap  
[    0.000000]   Normal zone: 222206 pages, LIFO batch:31  
[    0.000000]   HighMem zone: 297682 pages, LIFO batch:31  
[    0.000000] Using APIC driver default  
[    0.000000] ACPI: PM-Timer IO Port: 0x1008  
[    0.000000] ACPI: Local APIC address 0xfee00000  
[    0.000000] ACPI: LAPIC_NMI (acpi_id[0x00] high edge lint[0x1])  
[    0.000000] ACPI: LAPIC_NMI (acpi_id[0x01] high edge lint[0x1])  
[    0.000000] IOAPIC[0]: apic_id 1, version 32, address 0xfec00000, GSI 0-23  
[    0.000000] ACPI: INT_SRC_OVR (bus 0 bus_irq 0 global_irq 2 dfl dfl)  
[    0.000000] ACPI: INT_SRC_OVR (bus 0 bus_irq 9 global_irq 9 high level)  
[    0.000000] ACPI: IRQ0 used by override.  
[    0.000000] ACPI: IRQ9 used by override.  
[    0.000000] Using ACPI (MADT) for SMP configuration information  
[    0.000000] ACPI: HPET id: 0x8086a201 base: 0xfed00000  
[    0.000000] smpboot: Allowing 2 CPUs, 0 hotplug CPUs  
[    0.000000] PM: Registered nosave memory: [mem 0x00000000-0x00000fff]  
[    0.000000] PM: Registered nosave memory: [mem 0x0009f000-0x0009ffff]  
[    0.000000] PM: Registered nosave memory: [mem 0x000a0000-0x000d1fff]  
[    0.000000] PM: Registered nosave memory: [mem 0x000d2000-0x000d3fff]  
[    0.000000] PM: Registered nosave memory: [mem 0x000d4000-0x000dbfff]  
[    0.000000] PM: Registered nosave memory: [mem 0x000dc000-0x000fffff]  
[    0.000000] e820: [mem 0x80000000-0xefffffff] available for PCI devices  
[    0.000000] Booting paravirtualized kernel on bare hardware  
[    0.000000] clocksource refined-jiffies: mask: 0xffffffff max_cycles: 0xffffffff, max_idle_ns: 1910969940391419 ns  
[    0.000000] setup_percpu: NR_CPUS:32 nr_cpumask_bits:2 nr_cpu_ids:2 nr_node_ids:1  
[    0.000000] PERCPU: Embedded 19 pages/cpu @f73cc000 s46156 r0 d31668 u77824  
[    0.000000] pcpu-alloc: s46156 r0 d31668 u77824 alloc=19*4096  
[    0.000000] pcpu-alloc: [0] 0 [0] 1   
[    0.000000] Built 1 zonelists in Zone order, mobility grouping on.  Total pages: 521676  
[    0.000000] Kernel command line: BOOT_IMAGE=/vmlinuz-4.1.6-200.fc22.i686 root=/dev/mapper/fedora-root ro rd.lvm.lv=fedora/swap rd.lvm.lv=fedora/root rhgb quiet LANG=zh_CN.UTF-8  
[    0.000000] PID hash table entries: 4096 (order: 2, 16384 bytes)  
[    0.000000] Dentry cache hash table entries: 131072 (order: 7, 524288 bytes)  
[    0.000000] Inode-cache hash table entries: 65536 (order: 6, 262144 bytes)  
[    0.000000] Initializing CPU#0  
[    0.000000] Initializing HighMem for node 0 (000373fe:0007fed0)  
[    0.000000] Initializing Movable for node 0 (00000000:00000000)  
[    0.000000] Memory: 2041604K/2095544K available (6716K kernel code, 694K rwdata, 2592K rodata, 764K init, 892K bss, 53940K reserved, 0K cma-reserved, 1190728K highmem)  
[    0.000000] virtual kernel memory layout:  
                   fixmap  : 0xffa96000 - 0xfffff000   (5540 kB)  
                   pkmap   : 0xff400000 - 0xff800000   (4096 kB)  
                   vmalloc : 0xf7bfe000 - 0xff3fe000   ( 120 MB)  
                   lowmem  : 0xc0000000 - 0xf73fe000   ( 883 MB)  
                     .init : 0xc0dc8000 - 0xc0e87000   ( 764 kB)  
                     .data : 0xc0a8f41c - 0xc0dc6840   (3293 kB)  
                     .text : 0xc0400000 - 0xc0a8f41c   (6717 kB)  
[    0.000000] Checking if this processor honours the WP bit even in supervisor mode...Ok.  
[    0.000000] SLUB: HWalign=64, Order=0-3, MinObjects=0, CPUs=2, Nodes=1  
[    0.000000] Hierarchical RCU implementation.  
[    0.000000] 	RCU dyntick-idle grace-period acceleration is enabled.  
[    0.000000] 	RCU restricting CPUs from NR_CPUS=32 to nr_cpu_ids=2.  
[    0.000000] RCU: Adjusting geometry for rcu_fanout_leaf=16, nr_cpu_ids=2  
[    0.000000] NR_IRQS:2304 nr_irqs:440 16  
[    0.000000] CPU 0 irqstacks, hard=f6c36000 soft=f6c38000  
[    0.000000] 	Offload RCU callbacks from all CPUs  
[    0.000000] 	Offload RCU callbacks from CPUs: 0-1.  
[    0.000000] Console: colour VGA+ 80x25  
[    0.000000] console [tty0] enabled  
[    0.000000] clocksource hpet: mask: 0xffffffff max_cycles: 0xffffffff, max_idle_ns: 133484882848 ns  
[    0.000000] hpet clockevent registered  
[    0.000000] tsc: Fast TSC calibration using PIT  
[    0.000000] tsc: Detected 2161.135 MHz processor  
[    0.001018] Calibrating delay loop (skipped), value calculated using timer frequency.. 4322.27 BogoMIPS (lpj=2161135)  
[    0.001027] pid_max: default: 32768 minimum: 301  
[    0.001042] ACPI: Core revision 20150410  
[    0.035662] ACPI: All ACPI Tables successfully acquired  
[    0.035711] Security Framework initialized  
[    0.035728] SELinux:  Initializing.  
[    0.035743] SELinux:  Starting in permissive mode  
[    0.035747] Yama: becoming mindful.  
[    0.035843] Mount-cache hash table entries: 2048 (order: 1, 8192 bytes)  
[    0.035850] Mountpoint-cache hash table entries: 2048 (order: 1, 8192 bytes)  
[    0.036338] Initializing cgroup subsys blkio  
[    0.036346] Initializing cgroup subsys memory  
[    0.036364] Initializing cgroup subsys devices  
[    0.036371] Initializing cgroup subsys freezer  
[    0.036379] Initializing cgroup subsys net_cls  
[    0.036386] Initializing cgroup subsys perf_event  
[    0.036392] Initializing cgroup subsys net_prio  
[    0.036434] Disabled fast string operations  
[    0.036440] CPU: Physical Processor ID: 0  
[    0.036443] CPU: Processor Core ID: 0  
[    0.036453] mce: CPU supports 6 MCE banks  
[    0.036471] CPU0: Thermal monitoring enabled (TM2)  
[    0.036477] process: using mwait in idle threads  
[    0.036489] Last level iTLB entries: 4KB 128, 2MB 0, 4MB 2  
[    0.036493] Last level dTLB entries: 4KB 128, 2MB 0, 4MB 8, 1GB 0  
[    0.036799] Freeing SMP alternatives memory: 28K (c0e87000 - c0e8e000)  
[    0.039012] ftrace: allocating 27098 entries in 53 pages  
[    0.054188] Enabling APIC mode:  Flat.  Using 1 I/O APICs  
[    0.054702] ..TIMER: vector=0x30 apic1=0 pin1=2 apic2=-1 pin2=-1  
[    0.066000] smpboot: CPU0: Intel(R) Core(TM) Duo CPU      T2600  @ 2.16GHz (fam: 06, model: 0e, stepping: 0c)  
[    0.066000] Performance Events: Core events, core PMU driver.  
[    0.066000] ... version:                1  
[    0.066000] ... bit width:              40  
[    0.066000] ... generic registers:      2  
[    0.066000] ... value mask:             000000ffffffffff  
[    0.066000] ... max period:             000000007fffffff  
[    0.066000] ... fixed-purpose events:   0  
[    0.066000] ... event mask:             0000000000000003  
[    0.067272] NMI watchdog: enabled on all CPUs, permanently consumes one hw-PMU counter.  
[    0.067534] CPU 1 irqstacks, hard=f6d66000 soft=f6d68000  
[    0.067539] x86: Booting SMP configuration:  
[    0.067543] .... node  #0, CPUs:      #1  
[    0.002000] Initializing CPU#1  
[    0.002000] Disabled fast string operations  
[    0.079000] TSC synchronization [CPU#0 -> CPU#1]:  
[    0.079000] Measured 615966 cycles TSC warp between CPUs, turning off TSC clock.  
[    0.079000] tsc: Marking TSC unstable due to check_tsc_sync_source failed  
[    0.079120] x86: Booted up 1 node, 2 CPUs  
[    0.079126] smpboot: Total of 2 processors activated (8644.54 BogoMIPS)  
[    0.080336] devtmpfs: initialized  
[    0.081269] PM: Registering ACPI NVS region [mem 0x7fedf000-0x7fefffff] (135168 bytes)  
[    0.081269] clocksource jiffies: mask: 0xffffffff max_cycles: 0xffffffff, max_idle_ns: 1911260446275000 ns  
[    0.081269] atomic64_test: passed for i586+ platform with CX8 and with SSE  
[    0.081269] pinctrl core: initialized pinctrl subsystem  
[    0.081269] RTC time:  0:05:02, date: 09/07/15  
[    0.081522] NET: Registered protocol family 16  
[    0.086012] cpuidle: using governor menu  
[    0.086378] ACPI FADT declares the system doesn't support PCIe ASPM, so disable it  
[    0.086383] ACPI: bus type PCI registered  
[    0.086388] acpiphp: ACPI Hot Plug PCI Controller Driver version: 0.5  
[    0.086596] PCI: MMCONFIG for domain 0000 [bus 00-3f] at [mem 0xf0000000-0xf3ffffff] (base 0xf0000000)  
[    0.086603] PCI: MMCONFIG at [mem 0xf0000000-0xf3ffffff] reserved in E820  
[    0.086607] PCI: Using MMCONFIG for extended config space  
[    0.086611] PCI: Using configuration type 1 for base access  
[    0.096151] ACPI: Added _OSI(Module Device)  
[    0.096156] ACPI: Added _OSI(Processor Device)  
[    0.096161] ACPI: Added _OSI(3.0 _SCP Extensions)  
[    0.096165] ACPI: Added _OSI(Processor Aggregator Device)  
[    0.100743] ACPI : EC: EC description table is found, configuring boot EC  
[    0.100767] ACPI : EC: EC started  
[    0.118876] ACPI: Dynamic OEM Table Load:  
[    0.118895] ACPI: SSDT 0x00000000F6E08C00 000282 (v01 PmRef  Cpu0Ist  00000100 INTL 20050513)  
[    0.120362] ACPI: Dynamic OEM Table Load:  
[    0.120380] ACPI: SSDT 0x00000000F6C11800 00065A (v01 PmRef  Cpu0Cst  00000100 INTL 20050513)  
[    0.122239] ACPI: Dynamic OEM Table Load:  
[    0.122254] ACPI: SSDT 0x00000000F6E12000 0000C8 (v01 PmRef  Cpu1Ist  00000100 INTL 20050513)  
[    0.123505] ACPI: Dynamic OEM Table Load:  
[    0.123519] ACPI: SSDT 0x00000000F6CCD480 000085 (v01 PmRef  Cpu1Cst  00000100 INTL 20050513)  
[    0.125065] ACPI: Interpreter enabled  
[    0.125087] ACPI Exception: AE_NOT_FOUND, While evaluating Sleep State [\_S1_] (20150410/hwxface-580)  
[    0.125098] ACPI Exception: AE_NOT_FOUND, While evaluating Sleep State [\_S2_] (20150410/hwxface-580)  
[    0.125131] ACPI: (supports S0 S3 S4 S5)  
[    0.125135] ACPI: Using IOAPIC for interrupt routing  
[    0.125197] PCI: Using host bridge windows from ACPI; if necessary, use "pci=nocrs" and report a bug  
[    0.134504] ACPI: Power Resource [PUBS] (on)  
[    0.135250] acpi PNP0C0A:01: ACPI dock station (docks/bays count: 1)  
[    0.138921] acpi LNXIOBAY:00: ACPI dock station (docks/bays count: 2)  
[    0.139901] acpi LNXIOBAY:01: ACPI dock station (docks/bays count: 3)  
[    0.144265] acpi IBM0079:00: ACPI dock station (docks/bays count: 4)  
[    0.145475] ACPI: PCI Interrupt Link [LNKA] (IRQs 3 4 5 6 7 9 10 *11)  
[    0.145727] ACPI: PCI Interrupt Link [LNKB] (IRQs 3 4 5 6 7 9 10 *11)  
[    0.145975] ACPI: PCI Interrupt Link [LNKC] (IRQs 3 4 5 6 7 9 10 *11)  
[    0.146232] ACPI: PCI Interrupt Link [LNKD] (IRQs 3 4 5 6 7 9 10 *11)  
[    0.146478] ACPI: PCI Interrupt Link [LNKE] (IRQs 3 4 5 6 7 9 10 *11)  
[    0.146723] ACPI: PCI Interrupt Link [LNKF] (IRQs 3 4 5 6 7 9 10 *11)  
[    0.146968] ACPI: PCI Interrupt Link [LNKG] (IRQs 3 4 5 6 7 9 10 *11)  
[    0.147225] ACPI: PCI Interrupt Link [LNKH] (IRQs 3 4 5 6 7 9 10 *11)  
[    0.147526] ACPI: PCI Root Bridge [PCI0] (domain 0000 [bus 00-ff])  
[    0.147539] acpi PNP0A08:00: _OSC: OS supports [ExtendedConfig ASPM ClockPM Segments MSI]  
[    0.148835] acpi PNP0A08:00: _OSC: OS now controls [PCIeHotplug PME AER PCIeCapability]  
[    0.148842] acpi PNP0A08:00: FADT indicates ASPM is unsupported, using BIOS configuration  
[    0.148897] acpi PNP0A08:00: [Firmware Info]: MMCONFIG for domain 0000 [bus 00-3f] only partially covers this bridge  
[    0.149306] PCI host bridge to bus 0000:00  
[    0.149315] pci_bus 0000:00: root bus resource [bus 00-ff]  
[    0.149322] pci_bus 0000:00: root bus resource [io  0x0000-0x0cf7 window]  
[    0.149329] pci_bus 0000:00: root bus resource [io  0x0d00-0xffff window]  
[    0.149335] pci_bus 0000:00: root bus resource [mem 0x000a0000-0x000bffff window]  
[    0.149341] pci_bus 0000:00: root bus resource [mem 0x000d4000-0x000d7fff window]  
[    0.149347] pci_bus 0000:00: root bus resource [mem 0x000d8000-0x000dbfff window]  
[    0.149354] pci_bus 0000:00: root bus resource [mem 0x80000000-0xfebfffff window]  
[    0.149360] pci_bus 0000:00: root bus resource [mem 0xfed40000-0xfed40fff window]  
[    0.149380] pci 0000:00:00.0: [8086:27a0] type 00 class 0x060000  
[    0.149620] pci 0000:00:01.0: [8086:27a1] type 01 class 0x060400  
[    0.149698] pci 0000:00:01.0: PME# supported from D0 D3hot D3cold  
[    0.149972] pci 0000:00:1b.0: [8086:27d8] type 00 class 0x040300  
[    0.150017] pci 0000:00:1b.0: reg 0x10: [mem 0xee400000-0xee403fff 64bit]  
[    0.150150] pci 0000:00:1b.0: PME# supported from D0 D3hot D3cold  
[    0.150262] pci 0000:00:1b.0: System wakeup disabled by ACPI  
[    0.150408] pci 0000:00:1c.0: [8086:27d0] type 01 class 0x060400  
[    0.150542] pci 0000:00:1c.0: PME# supported from D0 D3hot D3cold  
[    0.150639] pci 0000:00:1c.0: System wakeup disabled by ACPI  
[    0.150783] pci 0000:00:1c.1: [8086:27d2] type 01 class 0x060400  
[    0.150917] pci 0000:00:1c.1: PME# supported from D0 D3hot D3cold  
[    0.151024] pci 0000:00:1c.1: System wakeup disabled by ACPI  
[    0.151169] pci 0000:00:1c.2: [8086:27d4] type 01 class 0x060400  
[    0.151303] pci 0000:00:1c.2: PME# supported from D0 D3hot D3cold  
[    0.151401] pci 0000:00:1c.2: System wakeup disabled by ACPI  
[    0.151542] pci 0000:00:1c.3: [8086:27d6] type 01 class 0x060400  
[    0.151676] pci 0000:00:1c.3: PME# supported from D0 D3hot D3cold  
[    0.151773] pci 0000:00:1c.3: System wakeup disabled by ACPI  
[    0.151919] pci 0000:00:1d.0: [8086:27c8] type 00 class 0x0c0300  
[    0.151991] pci 0000:00:1d.0: reg 0x20: [io  0x1800-0x181f]  
[    0.152290] pci 0000:00:1d.0: System wakeup disabled by ACPI  
[    0.152290] pci 0000:00:1d.1: [8086:27c9] type 00 class 0x0c0300  
[    0.152290] pci 0000:00:1d.1: reg 0x20: [io  0x1820-0x183f]  
[    0.153167] pci 0000:00:1d.1: System wakeup disabled by ACPI  
[    0.153309] pci 0000:00:1d.2: [8086:27ca] type 00 class 0x0c0300  
[    0.153380] pci 0000:00:1d.2: reg 0x20: [io  0x1840-0x185f]  
[    0.153537] pci 0000:00:1d.2: System wakeup disabled by ACPI  
[    0.153672] pci 0000:00:1d.3: [8086:27cb] type 00 class 0x0c0300  
[    0.153743] pci 0000:00:1d.3: reg 0x20: [io  0x1860-0x187f]  
[    0.153978] pci 0000:00:1d.7: [8086:27cc] type 00 class 0x0c0320  
[    0.154018] pci 0000:00:1d.7: reg 0x10: [mem 0xee404000-0xee4043ff]  
[    0.154142] pci 0000:00:1d.7: PME# supported from D0 D3hot D3cold  
[    0.154235] pci 0000:00:1d.7: System wakeup disabled by ACPI  
[    0.154375] pci 0000:00:1e.0: [8086:2448] type 01 class 0x060401  
[    0.154547] pci 0000:00:1e.0: System wakeup disabled by ACPI  
[    0.154687] pci 0000:00:1f.0: [8086:27b9] type 00 class 0x060100  
[    0.154827] pci 0000:00:1f.0: can't claim BAR 13 [io  0x1000-0x107f]: address conflict with ACPI CPU throttle [io  0x1010-0x1015]  
[    0.154839] pci 0000:00:1f.0: quirk: [io  0x1180-0x11bf] claimed by ICH6 GPIO  
[    0.154847] pci 0000:00:1f.0: ICH7 LPC Generic IO decode 1 PIO at 1600 (mask 007f)  
[    0.154856] pci 0000:00:1f.0: ICH7 LPC Generic IO decode 2 PIO at 15e0 (mask 000f)  
[    0.154864] pci 0000:00:1f.0: ICH7 LPC Generic IO decode 3 PIO at 1680 (mask 001f)  
[    0.155101] pci 0000:00:1f.2: [8086:27c4] type 00 class 0x010180  
[    0.155129] pci 0000:00:1f.2: reg 0x10: [io  0x0000-0x0007]  
[    0.155147] pci 0000:00:1f.2: reg 0x14: [io  0x0000-0x0003]  
[    0.155165] pci 0000:00:1f.2: reg 0x18: [io  0x0000-0x0007]  
[    0.155182] pci 0000:00:1f.2: reg 0x1c: [io  0x0000-0x0003]  
[    0.155200] pci 0000:00:1f.2: reg 0x20: [io  0x18b0-0x18bf]  
[    0.155234] pci 0000:00:1f.2: legacy IDE quirk: reg 0x10: [io  0x01f0-0x01f7]  
[    0.155240] pci 0000:00:1f.2: legacy IDE quirk: reg 0x14: [io  0x03f6]  
[    0.155246] pci 0000:00:1f.2: legacy IDE quirk: reg 0x18: [io  0x0170-0x0177]  
[    0.155251] pci 0000:00:1f.2: legacy IDE quirk: reg 0x1c: [io  0x0376]  
[    0.155295] pci 0000:00:1f.2: PME# supported from D3hot  
[    0.155509] pci 0000:00:1f.3: [8086:27da] type 00 class 0x0c0500  
[    0.155597] pci 0000:00:1f.3: reg 0x20: [io  0x18e0-0x18ff]  
[    0.155997] pci 0000:01:00.0: [1002:71c4] type 00 class 0x030000  
[    0.156077] pci 0000:01:00.0: reg 0x10: [mem 0xd0000000-0xdfffffff pref]  
[    0.156118] pci 0000:01:00.0: reg 0x14: [io  0x2000-0x20ff]  
[    0.156163] pci 0000:01:00.0: reg 0x18: [mem 0xee100000-0xee10ffff]  
[    0.156332] pci 0000:01:00.0: reg 0x30: [mem 0x00000000-0x0001ffff pref]  
[    0.156506] pci 0000:01:00.0: supports D1 D2  
[    0.158038] pci 0000:00:01.0: PCI bridge to [bus 01]  
[    0.158047] pci 0000:00:01.0:   bridge window [io  0x2000-0x2fff]  
[    0.158055] pci 0000:00:01.0:   bridge window [mem 0xee100000-0xee1fffff]  
[    0.158065] pci 0000:00:01.0:   bridge window [mem 0xd0000000-0xdfffffff 64bit pref]  
[    0.158277] pci 0000:02:00.0: [8086:109a] type 00 class 0x020000  
[    0.158323] pci 0000:02:00.0: reg 0x10: [mem 0xee000000-0xee01ffff]  
[    0.158372] pci 0000:02:00.0: reg 0x18: [io  0x3000-0x301f]  
[    0.158578] pci 0000:02:00.0: PME# supported from D0 D3hot D3cold  
[    0.160095] pci 0000:00:1c.0: PCI bridge to [bus 02]  
[    0.160105] pci 0000:00:1c.0:   bridge window [io  0x3000-0x3fff]  
[    0.160114] pci 0000:00:1c.0:   bridge window [mem 0xee000000-0xee0fffff]  
[    0.160337] pci 0000:03:00.0: [8086:4227] type 00 class 0x028000  
[    0.160413] pci 0000:03:00.0: reg 0x10: [mem 0xedf00000-0xedf00fff]  
[    0.160852] pci 0000:03:00.0: PME# supported from D0 D3hot  
[    0.163087] pci 0000:00:1c.1: PCI bridge to [bus 03]  
[    0.163097] pci 0000:00:1c.1:   bridge window [io  0x4000-0x5fff]  
[    0.163107] pci 0000:00:1c.1:   bridge window [mem 0xec000000-0xedffffff]  
[    0.163120] pci 0000:00:1c.1:   bridge window [mem 0xe4000000-0xe40fffff 64bit pref]  
[    0.163282] pci 0000:00:1c.2: PCI bridge to [bus 04-0b]  
[    0.163292] pci 0000:00:1c.2:   bridge window [io  0x6000-0x7fff]  
[    0.163301] pci 0000:00:1c.2:   bridge window [mem 0xe8000000-0xe9ffffff]  
[    0.163314] pci 0000:00:1c.2:   bridge window [mem 0xe4100000-0xe41fffff 64bit pref]  
[    0.163466] pci 0000:00:1c.3: PCI bridge to [bus 0c-13]  
[    0.163476] pci 0000:00:1c.3:   bridge window [io  0x8000-0x9fff]  
[    0.163485] pci 0000:00:1c.3:   bridge window [mem 0xea000000-0xebffffff]  
[    0.163498] pci 0000:00:1c.3:   bridge window [mem 0xe4200000-0xe42fffff 64bit pref]  
[    0.163651] pci 0000:15:00.0: [104c:ac56] type 02 class 0x060700  
[    0.163686] pci 0000:15:00.0: reg 0x10: [mem 0xe4300000-0xe4300fff]  
[    0.163744] pci 0000:15:00.0: supports D1 D2  
[    0.163750] pci 0000:15:00.0: PME# supported from D0 D1 D2 D3hot D3cold  
[    0.163984] pci 0000:00:1e.0: PCI bridge to [bus 15-18] (subtractive decode)  
[    0.163994] pci 0000:00:1e.0:   bridge window [io  0xa000-0xdfff]  
[    0.164010] pci 0000:00:1e.0:   bridge window [mem 0xe4300000-0xe7ffffff]  
[    0.164023] pci 0000:00:1e.0:   bridge window [mem 0xe0000000-0xe3ffffff 64bit pref]  
[    0.164030] pci 0000:00:1e.0:   bridge window [io  0x0000-0x0cf7 window] (subtractive decode)  
[    0.164037] pci 0000:00:1e.0:   bridge window [io  0x0d00-0xffff window] (subtractive decode)  
[    0.164043] pci 0000:00:1e.0:   bridge window [mem 0x000a0000-0x000bffff window] (subtractive decode)  
[    0.164049] pci 0000:00:1e.0:   bridge window [mem 0x000d4000-0x000d7fff window] (subtractive decode)  
[    0.164056] pci 0000:00:1e.0:   bridge window [mem 0x000d8000-0x000dbfff window] (subtractive decode)  
[    0.164062] pci 0000:00:1e.0:   bridge window [mem 0x80000000-0xfebfffff window] (subtractive decode)  
[    0.164069] pci 0000:00:1e.0:   bridge window [mem 0xfed40000-0xfed40fff window] (subtractive decode)  
[    0.164183] pci_bus 0000:16: busn_res: can not insert [bus 16-ff] under [bus 15-18] (conflicts with (null) [bus 15-18])  
[    0.164195] pci_bus 0000:16: busn_res: [bus 16-ff] end is updated to 17  
[    0.164373] pci_bus 0000:00: on NUMA node 0  
[    0.166926] ACPI: Enabled 2 GPEs in block 00 to 1F  
[    0.167164] ACPI : EC: GPE = 0x1c, I/O: command/status = 0x66, data = 0x62  
[    0.167335] vgaarb: setting as boot device: PCI:0000:01:00.0  
[    0.167335] vgaarb: device added: PCI:0000:01:00.0,decodes=io+mem,owns=io+mem,locks=none  
[    0.167335] vgaarb: loaded  
[    0.167335] vgaarb: bridge control possible 0000:01:00.0  
[    0.167335] SCSI subsystem initialized  
[    0.167337] libata version 3.00 loaded.  
[    0.167337] ACPI: bus type USB registered  
[    0.167337] usbcore: registered new interface driver usbfs  
[    0.167337] usbcore: registered new interface driver hub  
[    0.167337] usbcore: registered new device driver usb  
[    0.168144] PCI: Using ACPI for IRQ routing  
[    0.171123] PCI: pci_cache_line_size set to 64 bytes  
[    0.171439] e820: reserve RAM buffer [mem 0x0009f000-0x0009ffff]  
[    0.171444] e820: reserve RAM buffer [mem 0x7fed0000-0x7fffffff]  
[    0.171787] NetLabel: Initializing  
[    0.171792] NetLabel:  domain hash size = 128  
[    0.171795] NetLabel:  protocols = UNLABELED CIPSOv4  
[    0.171824] NetLabel:  unlabeled traffic allowed by default  
[    0.172104] HPET: 3 timers in total, 0 timers will be used for per-cpu timer  
[    0.172113] hpet0: at MMIO 0xfed00000, IRQs 2, 8, 0  
[    0.172124] hpet0: 3 comparators, 64-bit 14.318180 MHz counter  
[    0.174048] Switched to clocksource hpet  
[    0.196700] pnp: PnP ACPI init  
[    0.197927] system 00:00: [mem 0x00000000-0x0009ffff] could not be reserved  
[    0.197936] system 00:00: [mem 0x000c0000-0x000c3fff] could not be reserved  
[    0.197943] system 00:00: [mem 0x000c4000-0x000c7fff] could not be reserved  
[    0.197949] system 00:00: [mem 0x000c8000-0x000cbfff] could not be reserved  
[    0.197956] system 00:00: [mem 0x000cc000-0x000cffff] could not be reserved  
[    0.197963] system 00:00: [mem 0x000d0000-0x000d3fff] could not be reserved  
[    0.197970] system 00:00: [mem 0x000dc000-0x000dffff] could not be reserved  
[    0.197976] system 00:00: [mem 0x000e0000-0x000e3fff] could not be reserved  
[    0.197983] system 00:00: [mem 0x000e4000-0x000e7fff] could not be reserved  
[    0.197990] system 00:00: [mem 0x000e8000-0x000ebfff] could not be reserved  
[    0.197996] system 00:00: [mem 0x000ec000-0x000effff] could not be reserved  
[    0.198018] system 00:00: [mem 0x000f0000-0x000fffff] could not be reserved  
[    0.198026] system 00:00: [mem 0x00100000-0x7fffffff] could not be reserved  
[    0.198033] system 00:00: [mem 0xfec00000-0xfed3ffff] could not be reserved  
[    0.198039] system 00:00: [mem 0xfed41000-0xffffffff] could not be reserved  
[    0.198051] system 00:00: Plug and Play ACPI device, IDs PNP0c01 (active)  
[    0.198356] system 00:01: [io  0x164e-0x164f] has been reserved  
[    0.198364] system 00:01: [io  0x1000-0x107f] could not be reserved  
[    0.198371] system 00:01: [io  0x1180-0x11bf] has been reserved  
[    0.198378] system 00:01: [io  0x0800-0x080f] has been reserved  
[    0.198385] system 00:01: [io  0x15e0-0x15ef] has been reserved  
[    0.198391] system 00:01: [io  0x1600-0x165f] could not be reserved  
[    0.198399] system 00:01: [mem 0xf0000000-0xf3ffffff] has been reserved  
[    0.198406] system 00:01: [mem 0xfed1c000-0xfed1ffff] has been reserved  
[    0.198413] system 00:01: [mem 0xfed14000-0xfed17fff] has been reserved  
[    0.198420] system 00:01: [mem 0xfed18000-0xfed18fff] has been reserved  
[    0.198427] system 00:01: [mem 0xfed19000-0xfed19fff] has been reserved  
[    0.198436] system 00:01: Plug and Play ACPI device, IDs PNP0c02 (active)  
[    0.198612] pnp 00:02: Plug and Play ACPI device, IDs PNP0b00 (active)  
[    0.198704] pnp 00:03: Plug and Play ACPI device, IDs PNP0303 (active)  
[    0.198799] pnp 00:04: Plug and Play ACPI device, IDs IBM0057 PNP0f13 (active)  
[    0.199537] pnp 00:05: Plug and Play ACPI device, IDs IBM0071 PNP0511 (disabled)  
[    0.199663] pnp 00:06: Plug and Play ACPI device, IDs ATM1200 PNP0c31 (active)  
[    0.200585] pnp: PnP ACPI: found 7 devices  
[    0.242050] clocksource acpi_pm: mask: 0xffffff max_cycles: 0xffffff, max_idle_ns: 2085701024 ns  
[    0.242094] pci 0000:00:1c.0: bridge window [mem 0x00100000-0x000fffff 64bit pref] to [bus 02] add_size 200000 add_align 100000  
[    0.242163] pci 0000:00:1f.0: BAR 13: [io  size 0x0080] has bogus alignment  
[    0.242173] pci 0000:00:1c.0: res[15]=[mem 0x00100000-0x000fffff 64bit pref] res_to_dev_res add_size 200000 min_align 100000  
[    0.242180] pci 0000:00:1c.0: res[15]=[mem 0x00100000-0x002fffff 64bit pref] res_to_dev_res add_size 200000 min_align 100000  
[    0.242196] pci 0000:00:1c.0: BAR 15: assigned [mem 0x80000000-0x801fffff 64bit pref]  
[    0.242206] pci 0000:01:00.0: BAR 6: assigned [mem 0xee120000-0xee13ffff pref]  
[    0.242213] pci 0000:00:01.0: PCI bridge to [bus 01]  
[    0.242220] pci 0000:00:01.0:   bridge window [io  0x2000-0x2fff]  
[    0.242229] pci 0000:00:01.0:   bridge window [mem 0xee100000-0xee1fffff]  
[    0.242237] pci 0000:00:01.0:   bridge window [mem 0xd0000000-0xdfffffff 64bit pref]  
[    0.242246] pci 0000:00:1c.0: PCI bridge to [bus 02]  
[    0.242254] pci 0000:00:1c.0:   bridge window [io  0x3000-0x3fff]  
[    0.242265] pci 0000:00:1c.0:   bridge window [mem 0xee000000-0xee0fffff]  
[    0.242275] pci 0000:00:1c.0:   bridge window [mem 0x80000000-0x801fffff 64bit pref]  
[    0.242287] pci 0000:00:1c.1: PCI bridge to [bus 03]  
[    0.242294] pci 0000:00:1c.1:   bridge window [io  0x4000-0x5fff]  
[    0.242305] pci 0000:00:1c.1:   bridge window [mem 0xec000000-0xedffffff]  
[    0.242315] pci 0000:00:1c.1:   bridge window [mem 0xe4000000-0xe40fffff 64bit pref]  
[    0.242327] pci 0000:00:1c.2: PCI bridge to [bus 04-0b]  
[    0.242335] pci 0000:00:1c.2:   bridge window [io  0x6000-0x7fff]  
[    0.242346] pci 0000:00:1c.2:   bridge window [mem 0xe8000000-0xe9ffffff]  
[    0.242355] pci 0000:00:1c.2:   bridge window [mem 0xe4100000-0xe41fffff 64bit pref]  
[    0.242368] pci 0000:00:1c.3: PCI bridge to [bus 0c-13]  
[    0.242375] pci 0000:00:1c.3:   bridge window [io  0x8000-0x9fff]  
[    0.242386] pci 0000:00:1c.3:   bridge window [mem 0xea000000-0xebffffff]  
[    0.242396] pci 0000:00:1c.3:   bridge window [mem 0xe4200000-0xe42fffff 64bit pref]  
[    0.242412] pci 0000:15:00.0: res[15]=[mem 0x04000000-0x03ffffff pref] res_to_dev_res add_size 4000000 min_align 4000000  
[    0.242420] pci 0000:15:00.0: res[15]=[mem 0x04000000-0x07ffffff pref] res_to_dev_res add_size 4000000 min_align 4000000  
[    0.242427] pci 0000:15:00.0: res[16]=[mem 0x04000000-0x03ffffff] res_to_dev_res add_size 4000000 min_align 4000000  
[    0.242434] pci 0000:15:00.0: res[16]=[mem 0x04000000-0x07ffffff] res_to_dev_res add_size 4000000 min_align 4000000  
[    0.242441] pci 0000:15:00.0: res[13]=[io  0x0100-0x00ff] res_to_dev_res add_size 100 min_align 100  
[    0.242448] pci 0000:15:00.0: res[13]=[io  0x0100-0x01ff] res_to_dev_res add_size 100 min_align 100  
[    0.242455] pci 0000:15:00.0: res[14]=[io  0x0100-0x00ff] res_to_dev_res add_size 100 min_align 100  
[    0.242462] pci 0000:15:00.0: res[14]=[io  0x0100-0x01ff] res_to_dev_res add_size 100 min_align 100  
[    0.242470] pci 0000:15:00.0: BAR 15: assigned [mem 0xe0000000-0xe3ffffff pref]  
[    0.242480] pci 0000:15:00.0: BAR 16: assigned [mem 0x84000000-0x87ffffff]  
[    0.242487] pci 0000:15:00.0: BAR 13: assigned [io  0xa000-0xa0ff]  
[    0.242493] pci 0000:15:00.0: BAR 14: assigned [io  0xa400-0xa4ff]  
[    0.242500] pci 0000:15:00.0: CardBus bridge to [bus 16-17]  
[    0.242506] pci 0000:15:00.0:   bridge window [io  0xa000-0xa0ff]  
[    0.242516] pci 0000:15:00.0:   bridge window [io  0xa400-0xa4ff]  
[    0.242527] pci 0000:15:00.0:   bridge window [mem 0xe0000000-0xe3ffffff pref]  
[    0.242537] pci 0000:15:00.0:   bridge window [mem 0x84000000-0x87ffffff]  
[    0.242547] pci 0000:00:1e.0: PCI bridge to [bus 15-18]  
[    0.242554] pci 0000:00:1e.0:   bridge window [io  0xa000-0xdfff]  
[    0.242565] pci 0000:00:1e.0:   bridge window [mem 0xe4300000-0xe7ffffff]  
[    0.242575] pci 0000:00:1e.0:   bridge window [mem 0xe0000000-0xe3ffffff 64bit pref]  
[    0.242589] pci_bus 0000:00: resource 4 [io  0x0000-0x0cf7 window]  
[    0.242596] pci_bus 0000:00: resource 5 [io  0x0d00-0xffff window]  
[    0.242602] pci_bus 0000:00: resource 6 [mem 0x000a0000-0x000bffff window]  
[    0.242608] pci_bus 0000:00: resource 7 [mem 0x000d4000-0x000d7fff window]  
[    0.242615] pci_bus 0000:00: resource 8 [mem 0x000d8000-0x000dbfff window]  
[    0.242621] pci_bus 0000:00: resource 9 [mem 0x80000000-0xfebfffff window]  
[    0.242627] pci_bus 0000:00: resource 10 [mem 0xfed40000-0xfed40fff window]  
[    0.242634] pci_bus 0000:01: resource 0 [io  0x2000-0x2fff]  
[    0.242640] pci_bus 0000:01: resource 1 [mem 0xee100000-0xee1fffff]  
[    0.242646] pci_bus 0000:01: resource 2 [mem 0xd0000000-0xdfffffff 64bit pref]  
[    0.242653] pci_bus 0000:02: resource 0 [io  0x3000-0x3fff]  
[    0.242659] pci_bus 0000:02: resource 1 [mem 0xee000000-0xee0fffff]  
[    0.242665] pci_bus 0000:02: resource 2 [mem 0x80000000-0x801fffff 64bit pref]  
[    0.242671] pci_bus 0000:03: resource 0 [io  0x4000-0x5fff]  
[    0.242677] pci_bus 0000:03: resource 1 [mem 0xec000000-0xedffffff]  
[    0.242684] pci_bus 0000:03: resource 2 [mem 0xe4000000-0xe40fffff 64bit pref]  
[    0.242690] pci_bus 0000:04: resource 0 [io  0x6000-0x7fff]  
[    0.242696] pci_bus 0000:04: resource 1 [mem 0xe8000000-0xe9ffffff]  
[    0.242702] pci_bus 0000:04: resource 2 [mem 0xe4100000-0xe41fffff 64bit pref]  
[    0.242709] pci_bus 0000:0c: resource 0 [io  0x8000-0x9fff]  
[    0.242715] pci_bus 0000:0c: resource 1 [mem 0xea000000-0xebffffff]  
[    0.242721] pci_bus 0000:0c: resource 2 [mem 0xe4200000-0xe42fffff 64bit pref]  
[    0.242727] pci_bus 0000:15: resource 0 [io  0xa000-0xdfff]  
[    0.242733] pci_bus 0000:15: resource 1 [mem 0xe4300000-0xe7ffffff]  
[    0.242740] pci_bus 0000:15: resource 2 [mem 0xe0000000-0xe3ffffff 64bit pref]  
[    0.242746] pci_bus 0000:15: resource 4 [io  0x0000-0x0cf7 window]  
[    0.242752] pci_bus 0000:15: resource 5 [io  0x0d00-0xffff window]  
[    0.242758] pci_bus 0000:15: resource 6 [mem 0x000a0000-0x000bffff window]  
[    0.242764] pci_bus 0000:15: resource 7 [mem 0x000d4000-0x000d7fff window]  
[    0.242771] pci_bus 0000:15: resource 8 [mem 0x000d8000-0x000dbfff window]  
[    0.242777] pci_bus 0000:15: resource 9 [mem 0x80000000-0xfebfffff window]  
[    0.242783] pci_bus 0000:15: resource 10 [mem 0xfed40000-0xfed40fff window]  
[    0.242790] pci_bus 0000:16: resource 0 [io  0xa000-0xa0ff]  
[    0.242796] pci_bus 0000:16: resource 1 [io  0xa400-0xa4ff]  
[    0.242802] pci_bus 0000:16: resource 2 [mem 0xe0000000-0xe3ffffff pref]  
[    0.242808] pci_bus 0000:16: resource 3 [mem 0x84000000-0x87ffffff]  
[    0.242892] NET: Registered protocol family 2  
[    0.243378] TCP established hash table entries: 8192 (order: 3, 32768 bytes)  
[    0.243429] TCP bind hash table entries: 8192 (order: 4, 65536 bytes)  
[    0.243508] TCP: Hash tables configured (established 8192 bind 8192)  
[    0.243568] UDP hash table entries: 512 (order: 2, 16384 bytes)  
[    0.243588] UDP-Lite hash table entries: 512 (order: 2, 16384 bytes)  
[    0.243696] NET: Registered protocol family 1  
[    0.244917] pci 0000:01:00.0: Video device with shadowed ROM  
[    0.245064] PCI: CLS mismatch (64 != 32), using 64 bytes  
[    0.245199] Unpacking initramfs...  
[    1.250682] Freeing initrd memory: 20656K (f5799000 - f6bc5000)  
[    1.250983] Simple Boot Flag at 0x35 set to 0x1  
[    1.251063] clocksource tsc: mask: 0xffffffffffffffff max_cycles: 0x1f26c8a0ab2, max_idle_ns: 440795259602 ns  
[    1.251270] microcode: CPU0 sig=0x6ec, pf=0x20, revision=0x54  
[    1.251289] microcode: CPU1 sig=0x6ec, pf=0x20, revision=0x54  
[    1.251478] microcode: Microcode Update Driver: v2.00 <tigran@aivazian.fsnet.co.uk>, Peter Oruba  
[    1.251941] apm: BIOS not found.  
[    1.253078] futex hash table entries: 512 (order: 3, 32768 bytes)  
[    1.253120] Initialise system trusted keyring  
[    1.253174] audit: initializing netlink subsys (disabled)  
[    1.253212] audit: type=2000 audit(1441584303.252:1): initialized  
[    1.253866] HugeTLB registered 4 MB page size, pre-allocated 0 pages  
[    1.260223] zpool: loaded  
[    1.260230] zbud: loaded  
[    1.260539] VFS: Disk quotas dquot_6.6.0  
[    1.260660] VFS: Dquot-cache hash table entries: 1024 (order 0, 4096 bytes)  
[    1.261913] Key type big_key registered  
[    1.261921] SELinux:  Registering netfilter hooks  
[    1.264239] alg: No test for stdrng (krng)  
[    1.264265] NET: Registered protocol family 38  
[    1.264285] Key type asymmetric registered  
[    1.264292] Asymmetric key parser 'x509' registered  
[    1.264345] bounce: pool size: 64 pages  
[    1.264469] Block layer SCSI generic (bsg) driver version 0.4 loaded (major 252)  
[    1.264564] io scheduler noop registered  
[    1.264572] io scheduler deadline registered  
[    1.264691] io scheduler cfq registered (default)  
[    1.266997] pcieport 0000:00:01.0: Signaling PME through PCIe PME interrupt  
[    1.267020] pci 0000:01:00.0: Signaling PME through PCIe PME interrupt  
[    1.267028] pcie_pme 0000:00:01.0:pcie01: service driver pcie_pme loaded  
[    1.267077] pcieport 0000:00:1c.0: Signaling PME through PCIe PME interrupt  
[    1.267082] pci 0000:02:00.0: Signaling PME through PCIe PME interrupt  
[    1.267091] pcie_pme 0000:00:1c.0:pcie01: service driver pcie_pme loaded  
[    1.267140] pcieport 0000:00:1c.1: Signaling PME through PCIe PME interrupt  
[    1.267146] pci 0000:03:00.0: Signaling PME through PCIe PME interrupt  
[    1.267155] pcie_pme 0000:00:1c.1:pcie01: service driver pcie_pme loaded  
[    1.267203] pcieport 0000:00:1c.2: Signaling PME through PCIe PME interrupt  
[    1.267212] pcie_pme 0000:00:1c.2:pcie01: service driver pcie_pme loaded  
[    1.267257] pcieport 0000:00:1c.3: Signaling PME through PCIe PME interrupt  
[    1.267266] pcie_pme 0000:00:1c.3:pcie01: service driver pcie_pme loaded  
[    1.267290] pci_hotplug: PCI Hot Plug PCI Core version: 0.5  
[    1.267442] pciehp 0000:00:1c.0:pcie04: Slot #2 AttnBtn- AttnInd- PwrInd- PwrCtrl- MRL- Interlock- NoCompl- LLActRep+  
[    1.267511] pciehp 0000:00:1c.0:pcie04: service driver pciehp loaded  
[    1.267535] pciehp 0000:00:1c.1:pcie04: Slot #3 AttnBtn- AttnInd- PwrInd- PwrCtrl- MRL- Interlock- NoCompl- LLActRep+  
[    1.267597] pciehp 0000:00:1c.1:pcie04: service driver pciehp loaded  
[    1.267621] pciehp 0000:00:1c.2:pcie04: Slot #4 AttnBtn- AttnInd- PwrInd- PwrCtrl- MRL- Interlock- NoCompl- LLActRep+  
[    1.267679] pciehp 0000:00:1c.2:pcie04: service driver pciehp loaded  
[    1.267703] pciehp 0000:00:1c.3:pcie04: Slot #5 AttnBtn- AttnInd- PwrInd- PwrCtrl- MRL- Interlock- NoCompl- LLActRep+  
[    1.267763] pciehp 0000:00:1c.3:pcie04: service driver pciehp loaded  
[    1.267781] pciehp: PCI Express Hot Plug Controller Driver version: 0.4  
[    1.267931] intel_idle: does not run on family 6 model 14  
[    1.268224] ACPI: AC Adapter [AC] (on-line)  
[    1.268428] input: Lid Switch as /devices/LNXSYSTM:00/LNXSYBUS:00/PNP0C0D:00/input/input0  
[    1.268590] ACPI: Lid Switch [LID]  
[    1.268731] input: Sleep Button as /devices/LNXSYSTM:00/LNXSYBUS:00/PNP0C0E:00/input/input1  
[    1.268739] ACPI: Sleep Button [SLPB]  
[    1.268899] input: Power Button as /devices/LNXSYSTM:00/LNXPWRBN:00/input/input2  
[    1.268906] ACPI: Power Button [PWRF]  
[    1.272201] ACPI: acpi_idle registered with cpuidle  
[    1.275629] thermal LNXTHERM:00: registered as thermal_zone0  
[    1.275635] ACPI: Thermal Zone [THM0] (41 C)  
[    1.277769] thermal LNXTHERM:01: registered as thermal_zone1  
[    1.277775] ACPI: Thermal Zone [THM1] (38 C)  
[    1.277862] GHES: HEST is not enabled!  
[    1.278085] Serial: 8250/16550 driver, 4 ports, IRQ sharing enabled  
[    1.278143] ACPI: Battery Slot [BAT0] (battery absent)  
[    1.280083] Non-volatile memory driver v1.3  
[    1.280217] Linux agpgart interface v0.103  
[    1.280791] Failed to find cpu0 device node  
[    1.280910] Unable to detect cache hierarcy from DT for CPU 0  
[    1.281190] ata_piix 0000:00:1f.2: version 2.13  
[    1.281316] ata_piix 0000:00:1f.2: MAP [ P0 P2 IDE IDE ]  
[    1.433803] scsi host0: ata_piix  
[    1.434172] scsi host1: ata_piix  
[    1.434314] ata1: SATA max UDMA/133 cmd 0x1f0 ctl 0x3f6 bmdma 0x18b0 irq 14  
[    1.434320] ata2: PATA max UDMA/100 cmd 0x170 ctl 0x376 bmdma 0x18b8 irq 15  
[    1.435159] libphy: Fixed MDIO Bus: probed  
[    1.435393] ehci_hcd: USB 2.0 'Enhanced' Host Controller (EHCI) Driver  
[    1.435405] ehci-pci: EHCI PCI platform driver  
[    1.435589] ehci-pci 0000:00:1d.7: EHCI Host Controller  
[    1.435745] ehci-pci 0000:00:1d.7: new USB bus registered, assigned bus number 1  
[    1.435768] ehci-pci 0000:00:1d.7: debug port 1  
[    1.439698] ehci-pci 0000:00:1d.7: cache line size of 64 is not supported  
[    1.439731] ehci-pci 0000:00:1d.7: irq 19, io mem 0xee404000  
[    1.445054] ehci-pci 0000:00:1d.7: USB 2.0 started, EHCI 1.00  
[    1.445191] usb usb1: New USB device found, idVendor=1d6b, idProduct=0002  
[    1.445198] usb usb1: New USB device strings: Mfr=3, Product=2, SerialNumber=1  
[    1.445203] usb usb1: Product: EHCI Host Controller  
[    1.445209] usb usb1: Manufacturer: Linux 4.1.6-200.fc22.i686 ehci_hcd  
[    1.445214] usb usb1: SerialNumber: 0000:00:1d.7  
[    1.445606] hub 1-0:1.0: USB hub found  
[    1.445627] hub 1-0:1.0: 8 ports detected  
[    1.446308] ohci_hcd: USB 1.1 'Open' Host Controller (OHCI) Driver  
[    1.446320] ohci-pci: OHCI PCI platform driver  
[    1.446356] uhci_hcd: USB Universal Host Controller Interface driver  
[    1.446508] uhci_hcd 0000:00:1d.0: UHCI Host Controller  
[    1.446673] uhci_hcd 0000:00:1d.0: new USB bus registered, assigned bus number 2  
[    1.446687] uhci_hcd 0000:00:1d.0: detected 2 ports  
[    1.446737] uhci_hcd 0000:00:1d.0: irq 16, io base 0x00001800  
[    1.446857] usb usb2: New USB device found, idVendor=1d6b, idProduct=0001  
[    1.446864] usb usb2: New USB device strings: Mfr=3, Product=2, SerialNumber=1  
[    1.446869] usb usb2: Product: UHCI Host Controller  
[    1.446875] usb usb2: Manufacturer: Linux 4.1.6-200.fc22.i686 uhci_hcd  
[    1.446880] usb usb2: SerialNumber: 0000:00:1d.0  
[    1.447250] hub 2-0:1.0: USB hub found  
[    1.447270] hub 2-0:1.0: 2 ports detected  
[    1.447676] uhci_hcd 0000:00:1d.1: UHCI Host Controller  
[    1.447828] uhci_hcd 0000:00:1d.1: new USB bus registered, assigned bus number 3  
[    1.447842] uhci_hcd 0000:00:1d.1: detected 2 ports  
[    1.447890] uhci_hcd 0000:00:1d.1: irq 17, io base 0x00001820  
[    1.448033] usb usb3: New USB device found, idVendor=1d6b, idProduct=0001  
[    1.448039] usb usb3: New USB device strings: Mfr=3, Product=2, SerialNumber=1  
[    1.448045] usb usb3: Product: UHCI Host Controller  
[    1.448050] usb usb3: Manufacturer: Linux 4.1.6-200.fc22.i686 uhci_hcd  
[    1.448056] usb usb3: SerialNumber: 0000:00:1d.1  
[    1.448425] hub 3-0:1.0: USB hub found  
[    1.448444] hub 3-0:1.0: 2 ports detected  
[    1.448866] uhci_hcd 0000:00:1d.2: UHCI Host Controller  
[    1.449033] uhci_hcd 0000:00:1d.2: new USB bus registered, assigned bus number 4  
[    1.449047] uhci_hcd 0000:00:1d.2: detected 2 ports  
[    1.449095] uhci_hcd 0000:00:1d.2: irq 18, io base 0x00001840  
[    1.449211] usb usb4: New USB device found, idVendor=1d6b, idProduct=0001  
[    1.449217] usb usb4: New USB device strings: Mfr=3, Product=2, SerialNumber=1  
[    1.449223] usb usb4: Product: UHCI Host Controller  
[    1.449229] usb usb4: Manufacturer: Linux 4.1.6-200.fc22.i686 uhci_hcd  
[    1.449234] usb usb4: SerialNumber: 0000:00:1d.2  
[    1.449614] hub 4-0:1.0: USB hub found  
[    1.449633] hub 4-0:1.0: 2 ports detected  
[    1.450075] uhci_hcd 0000:00:1d.3: UHCI Host Controller  
[    1.450236] uhci_hcd 0000:00:1d.3: new USB bus registered, assigned bus number 5  
[    1.450250] uhci_hcd 0000:00:1d.3: detected 2 ports  
[    1.450280] uhci_hcd 0000:00:1d.3: irq 19, io base 0x00001860  
[    1.450394] usb usb5: New USB device found, idVendor=1d6b, idProduct=0001  
[    1.450401] usb usb5: New USB device strings: Mfr=3, Product=2, SerialNumber=1  
[    1.450406] usb usb5: Product: UHCI Host Controller  
[    1.450412] usb usb5: Manufacturer: Linux 4.1.6-200.fc22.i686 uhci_hcd  
[    1.450417] usb usb5: SerialNumber: 0000:00:1d.3  
[    1.450768] hub 5-0:1.0: USB hub found  
[    1.450787] hub 5-0:1.0: 2 ports detected  
[    1.451185] usbcore: registered new interface driver usbserial  
[    1.451210] usbcore: registered new interface driver usbserial_generic  
[    1.451233] usbserial: USB Serial support registered for generic  
[    1.451349] i8042: PNP: PS/2 Controller [PNP0303:KBD,PNP0f13:MOU] at 0x60,0x64 irq 1,12  
[    1.459229] serio: i8042 KBD port at 0x60,0x64 irq 1  
[    1.459242] serio: i8042 AUX port at 0x60,0x64 irq 12  
[    1.459612] mousedev: PS/2 mouse device common for all mice  
[    1.460292] rtc_cmos 00:02: RTC can wake from S4  
[    1.460608] rtc_cmos 00:02: rtc core: registered rtc_cmos as rtc0  
[    1.460657] rtc_cmos 00:02: alarms up to one month, y3k, 114 bytes nvram, hpet irqs  
[    1.460897] device-mapper: uevent: version 1.0.3  
[    1.461167] device-mapper: ioctl: 4.31.0-ioctl (2015-3-12) initialised: dm-devel@redhat.com  
[    1.462891] hidraw: raw HID events driver (C) Jiri Kosina  
[    1.463058] usbcore: registered new interface driver usbhid  
[    1.463063] usbhid: USB HID core driver  
[    1.463278] drop_monitor: Initializing network drop monitor service  
[    1.463533] ip_tables: (C) 2000-2006 Netfilter Core Team  
[    1.463629] Initializing XFRM netlink socket  
[    1.464073] input: AT Translated Set 2 keyboard as /devices/platform/i8042/serio0/input/input3  
[    1.464510] NET: Registered protocol family 10  
[    1.465035] mip6: Mobile IPv6  
[    1.465044] NET: Registered protocol family 17  
[    1.465714] Using IPI No-Shortcut mode  
[    1.466296] Loading compiled-in X.509 certificates  
[    1.478122] Loaded X.509 cert 'Fedora kernel signing key: d9c01fddc45675e8bfccb662ef9a3441b3fc4bbf'  
[    1.478160] registered taskstats version 1  
[    1.479110]   Magic number: 15:53:51  
[    1.479266] rtc_cmos 00:02: setting system clock to 2015-09-07 00:05:04 UTC (1441584304)  
[    1.479487] PM: Hibernation image not present or could not be loaded.  
[    1.589525] ata2.00: ATAPI: HL-DT-STCD-RW/DVD DRIVE GCC-4247N, 1.02, max UDMA/33  
[    1.595415] ata2.00: configured for UDMA/33  
[    1.617227] ata1.00: ATA-7: WDC WD1600BEVS-22RST0, 04.01G04, max UDMA/133  
[    1.617234] ata1.00: 312581808 sectors, multi 16: LBA48 NCQ (depth 0/32)  
[    1.624507] ata1.00: configured for UDMA/133  
[    1.624805] scsi 0:0:0:0: Direct-Access     ATA      WDC WD1600BEVS-2 1G04 PQ: 0 ANSI: 5  
[    1.625363] sd 0:0:0:0: [sda] 312581808 512-byte logical blocks: (160 GB/149 GiB)  
[    1.625457] sd 0:0:0:0: Attached scsi generic sg0 type 0  
[    1.625505] sd 0:0:0:0: [sda] Write Protect is off  
[    1.625514] sd 0:0:0:0: [sda] Mode Sense: 00 3a 00 00  
[    1.625746] sd 0:0:0:0: [sda] Write cache: enabled, read cache: enabled, doesn't support DPO or FUA  
[    1.629670] scsi 1:0:0:0: CD-ROM            HL-DT-ST RW/DVD GCC-4247N 1.02 PQ: 0 ANSI: 5  
[    1.633717]  sda: sda1 sda2  
[    1.634473] sd 0:0:0:0: [sda] Attached SCSI disk  
[    1.656345] sr 1:0:0:0: [sr0] scsi3-mmc drive: 24x/24x writer cd/rw xa/form2 cdda tray  
[    1.656351] cdrom: Uniform CD-ROM driver Revision: 3.20  
[    1.656723] sr 1:0:0:0: Attached scsi CD-ROM sr0  
[    1.656975] sr 1:0:0:0: Attached scsi generic sg1 type 5  
[    1.657649] Freeing unused kernel memory: 764K (c0dc8000 - c0e87000)  
[    1.657875] Write protecting the kernel text: 6720k  
[    1.658024] Write protecting the kernel read-only data: 2596k  
[    1.663246] random: systemd urandom read with 16 bits of entropy available  
[    1.665412] systemd[1]: systemd 219 running in system mode. (+PAM +AUDIT +SELINUX +IMA -APPARMOR +SMACK +SYSVINIT +UTMP +LIBCRYPTSETUP +GCRYPT +GNUTLS +ACL +XZ -LZ4 +SECCOMP +BLKID +ELFUTILS +KMOD +IDN)  
[    1.665770] systemd[1]: Detected architecture x86.  
[    1.665780] systemd[1]: Running in initial RAM disk.  
[    1.665845] systemd[1]: Set hostname to <xFC22.local>.  
[    1.763329] systemd[1]: Reached target Swap.  
[    1.763364] systemd[1]: Starting Swap.  
[    1.763406] systemd[1]: Reached target Timers.  
[    1.763431] systemd[1]: Starting Timers.  
[    1.764126] systemd[1]: Created slice -.slice.  
[    1.764156] systemd[1]: Starting -.slice.  
[    1.764306] systemd[1]: Listening on Journal Socket.  
[    1.764337] systemd[1]: Starting Journal Socket.  
[    1.764424] systemd[1]: Listening on udev Kernel Socket.  
[    1.764452] systemd[1]: Starting udev Kernel Socket.  
[    1.764647] systemd[1]: Created slice System Slice.  
[    1.764679] systemd[1]: Starting System Slice.  
[    1.764785] systemd[1]: Started dracut ask for additional cmdline parameters.  
[    1.766035] systemd[1]: Starting Create list of required static device nodes for the current kernel...  
[    1.766117] systemd[1]: Reached target Slices.  
[    1.766156] systemd[1]: Starting Slices.  
[    1.766302] systemd[1]: Listening on udev Control Socket.  
[    1.766331] systemd[1]: Starting udev Control Socket.  
[    1.766646] systemd[1]: Started Load Kernel Modules.  
[    1.767790] systemd[1]: Starting Apply Kernel Variables...  
[    1.767869] systemd[1]: Reached target Local File Systems.  
[    1.767914] systemd[1]: Starting Local File Systems.  
[    1.768072] systemd[1]: Listening on Journal Socket (/dev/log).  
[    1.768101] systemd[1]: Starting Journal Socket (/dev/log).  
[    1.769228] systemd[1]: Starting Setup Virtual Console...  
[    1.769518] systemd[1]: Listening on Journal Audit Socket.  
[    1.769564] systemd[1]: Starting Journal Audit Socket.  
[    1.770744] systemd[1]: Starting Journal Service...  
[    1.770817] systemd[1]: Reached target Sockets.  
[    1.770862] systemd[1]: Starting Sockets.  
[    1.777284] systemd[1]: Starting dracut cmdline hook...  
[    1.778512] systemd[1]: Started Create list of required static device nodes for the current kernel.  
[    1.789431] systemd[1]: Started Apply Kernel Variables.  
[    1.809134] systemd[1]: Starting Create Static Device Nodes in /dev...  
[    1.824087] systemd[1]: Started Create Static Device Nodes in /dev.  
[    1.824217] audit: type=1130 audit(1441584304.843:2): pid=1 uid=0 auid=4294967295 ses=4294967295 subj=kernel msg='unit=systemd-tmpfiles-setup-dev comm="systemd" exe="/usr/lib/systemd/systemd" hostname=? addr=? terminal=? res=success'  
[    1.900884] psmouse serio1: hgpk: ID: 10 00 64  
[    1.921039] usb 5-1: new full-speed USB device number 2 using uhci_hcd  
[    1.982120] systemd[1]: Started Journal Service.  
[    1.982274] audit: type=1130 audit(1441584305.001:3): pid=1 uid=0 auid=4294967295 ses=4294967295 subj=kernel msg='unit=systemd-journald comm="systemd" exe="/usr/lib/systemd/systemd" hostname=? addr=? terminal=? res=success'  
[    2.079104] usb 5-1: New USB device found, idVendor=0a5c, idProduct=2110  
[    2.079116] usb 5-1: New USB device strings: Mfr=1, Product=2, SerialNumber=0  
[    2.079122] usb 5-1: Product: BCM2045B  
[    2.079127] usb 5-1: Manufacturer: Broadcom Corp  
[    2.104445] audit: type=1130 audit(1441584305.123:4): pid=1 uid=0 auid=4294967295 ses=4294967295 subj=kernel msg='unit=dracut-cmdline comm="systemd" exe="/usr/lib/systemd/systemd" hostname=? addr=? terminal=? res=success'  
[    2.136214] audit: type=1130 audit(1441584305.155:5): pid=1 uid=0 auid=4294967295 ses=4294967295 subj=kernel msg='unit=systemd-vconsole-setup comm="systemd" exe="/usr/lib/systemd/systemd" hostname=? addr=? terminal=? res=success'  
[    2.189501] audit: type=1130 audit(1441584305.208:6): pid=1 uid=0 auid=4294967295 ses=4294967295 subj=kernel msg='unit=dracut-pre-udev comm="systemd" exe="/usr/lib/systemd/systemd" hostname=? addr=? terminal=? res=success'  
[    2.203662] audit: type=1130 audit(1441584305.222:7): pid=1 uid=0 auid=4294967295 ses=4294967295 subj=kernel msg='unit=systemd-udevd comm="systemd" exe="/usr/lib/systemd/systemd" hostname=? addr=? terminal=? res=success'  
[    2.241390] psmouse serio1: trackpoint: IBM TrackPoint firmware: 0x0e, buttons: 3/3  
[    2.252518] audit: type=1130 audit(1441584305.271:8): pid=1 uid=0 auid=4294967295 ses=4294967295 subj=kernel msg='unit=dracut-pre-trigger comm="systemd" exe="/usr/lib/systemd/systemd" hostname=? addr=? terminal=? res=success'  
[    2.258159] input: TPPS/2 IBM TrackPoint as /devices/platform/i8042/serio1/input/input5  
[    2.304473] audit: type=1130 audit(1441584305.323:9): pid=1 uid=0 auid=4294967295 ses=4294967295 subj=kernel msg='unit=systemd-udev-trigger comm="systemd" exe="/usr/lib/systemd/systemd" hostname=? addr=? terminal=? res=success'  
[    2.417024] pps_core: LinuxPPS API ver. 1 registered  
[    2.417032] pps_core: Software ver. 5.3.6 - Copyright 2005-2007 Rodolfo Giometti <giometti@linux.it>  
[    2.434247] PTP clock support registered  
[    2.524743] e1000e: Intel(R) PRO/1000 Network Driver - 2.3.2-k  
[    2.524751] e1000e: Copyright(c) 1999 - 2014 Intel Corporation.  
[    2.524877] e1000e 0000:02:00.0: Disabling ASPM  L1  
[    2.524884] e1000e 0000:02:00.0: can't disable ASPM; OS doesn't have ASPM control  
[    2.525207] e1000e 0000:02:00.0: Interrupt Throttling Rate (ints/sec) set to dynamic conservative mode  
[    2.529843] pci 0000:00:1e.0: enabling device (0005 -> 0007)  
[    2.529976] yenta_cardbus 0000:15:00.0: CardBus bridge found [17aa:2012]  
[    2.530039] yenta_cardbus 0000:15:00.0: Using INTVAL to route CSC interrupts to PCI  
[    2.530045] yenta_cardbus 0000:15:00.0: Routing CardBus interrupts to PCI  
[    2.530059] yenta_cardbus 0000:15:00.0: TI: mfunc 0x01d01002, devctl 0x64  
[    2.581362] [drm] Initialized drm 1.1.0 20060810  
[    2.637794] e1000e 0000:02:00.0 eth0: (PCI Express:2.5GT/s:Width x1) 00:15:58:83:d1:11  
[    2.637805] e1000e 0000:02:00.0 eth0: Intel(R) PRO/1000 Network Connection  
[    2.637888] e1000e 0000:02:00.0 eth0: MAC: 2, PHY: 2, PBA No: 005301-003  
[    2.642341] e1000e 0000:02:00.0 ens2: renamed from eth0  
[    2.732204] 8021q: 802.1Q VLAN Support v1.8  
[    2.760865] yenta_cardbus 0000:15:00.0: ISA IRQ mask 0x0cf8, PCI irq 16  
[    2.760876] yenta_cardbus 0000:15:00.0: Socket status: 30000007  
[    2.760889] yenta_cardbus 0000:15:00.0: pcmcia: parent PCI bridge window: [io  0xa000-0xdfff]  
[    2.760896] yenta_cardbus 0000:15:00.0: pcmcia: parent PCI bridge window: [mem 0xe4300000-0xe7ffffff]  
[    2.760903] pcmcia_socket pcmcia_socket0: cs: memory probe 0xe4300000-0xe7ffffff:  
[    2.760912]  excluding 0xe4300000-0xe46cffff  
[    2.760934] yenta_cardbus 0000:15:00.0: pcmcia: parent PCI bridge window: [mem 0xe0000000-0xe3ffffff 64bit pref]  
[    2.760941] pcmcia_socket pcmcia_socket0: cs: memory probe 0xe0000000-0xe3ffffff:  
[    2.760953]  excluding 0xe0000000-0xe3ffffff  
[    2.791562] pcmcia_socket pcmcia_socket0: cs: memory probe 0x0c0000-0x0fffff:  
[    2.791582]  excluding 0xc0000-0xd3fff 0xdc000-0xfffff  
[    2.791695] pcmcia_socket pcmcia_socket0: cs: memory probe 0xa0000000-0xa0ffffff:  
[    2.791723]  clean.  
[    2.791817] pcmcia_socket pcmcia_socket0: cs: memory probe 0x60000000-0x60ffffff:  
[    2.791842]  excluding 0x60000000-0x60ffffff  
[    2.988563] [drm] radeon kernel modesetting enabled.  
[    2.989555] [drm] initializing kernel modesetting (RV530 0x1002:0x71C4 0x17AA:0x2007).  
[    2.989578] [drm] register mmio base: 0xEE100000  
[    2.989582] [drm] register mmio size: 65536  
[    2.989782] ATOM BIOS: Lenovo  
[    2.989830] [drm] Generation 2 PCI interface, using max accessible memory  
[    2.989845] radeon 0000:01:00.0: VRAM: 256M 0x0000000000000000 - 0x000000000FFFFFFF (256M used)  
[    2.989852] radeon 0000:01:00.0: GTT: 512M 0x0000000010000000 - 0x000000002FFFFFFF  
[    2.991900] [drm] Detected VRAM RAM=256M, BAR=256M  
[    2.991908] [drm] RAM width 128bits DDR  
[    2.992078] [TTM] Zone  kernel: Available graphics memory: 436162 kiB  
[    2.992083] [TTM] Zone highmem: Available graphics memory: 1031526 kiB  
[    2.992087] [TTM] Initializing pool allocator  
[    2.992103] [TTM] Initializing DMA pool allocator  
[    2.992163] [drm] radeon: 256M of VRAM memory ready  
[    2.992168] [drm] radeon: 512M of GTT memory ready.  
[    2.992216] [drm] GART: num cpu pages 131072, num gpu pages 131072  
[    2.993903] [drm] radeon: power management initialized  
[    2.997757] [drm] radeon: 1 quad pipes, 2 z pipes initialized.  
[    2.999581] [drm] PCIE GART of 512M enabled (table at 0x0000000000040000).  
[    2.999637] radeon 0000:01:00.0: WB enabled  
[    2.999647] radeon 0000:01:00.0: fence driver on ring 0 use gpu addr 0x0000000010000000 and cpu addr 0xff4bf000  
[    2.999652] [drm] Supports vblank timestamp caching Rev 2 (21.10.2013).  
[    2.999656] [drm] Driver supports precise vblank timestamp query.  
[    2.999661] radeon 0000:01:00.0: radeon: MSI limited to 32-bit  
[    2.999766] radeon 0000:01:00.0: radeon: using MSI.  
[    2.999829] [drm] radeon: irq initialized.  
[    2.999862] [drm] Loading R500 Microcode  
[    3.000349] [drm] radeon: ring at 0x0000000010001000  
[    3.000410] [drm] ring test succeeded in 4 usecs  
[    3.000797] [drm] ib test succeeded in 0 usecs  
[    3.002182] [drm] Radeon Display Connectors  
[    3.002188] [drm] Connector 0:  
[    3.002191] [drm]   VGA-1  
[    3.002197] [drm]   DDC: 0x7e40 0x7e40 0x7e44 0x7e44 0x7e48 0x7e48 0x7e4c 0x7e4c  
[    3.002200] [drm]   Encoders:  
[    3.002204] [drm]     CRT1: INTERNAL_KLDSCP_DAC1  
[    3.002207] [drm] Connector 1:  
[    3.002210] [drm]   LVDS-1  
[    3.002216] [drm]   DDC: 0x7e60 0x7e60 0x7e64 0x7e64 0x7e68 0x7e68 0x7e6c 0x7e6c  
[    3.002219] [drm]   Encoders:  
[    3.002222] [drm]     LCD1: INTERNAL_LVTM1  
[    3.002225] [drm] Connector 2:  
[    3.002228] [drm]   DVI-I-1  
[    3.002231] [drm]   HPD1  
[    3.002236] [drm]   DDC: 0x7e50 0x7e50 0x7e54 0x7e54 0x7e58 0x7e58 0x7e5c 0x7e5c  
[    3.002239] [drm]   Encoders:  
[    3.002243] [drm]     DFP1: INTERNAL_KLDSCP_TMDS1  
[    3.340566] [drm] fb mappable at 0xD00C0000  
[    3.340574] [drm] vram apper at 0xD0000000  
[    3.340578] [drm] size 5914624  
[    3.340581] [drm] fb depth is 24  
[    3.340585] [drm]    pitch is 5632  
[    3.340852] fbcon: radeondrmfb (fb0) is primary device  
[    3.793505] Console: switching to colour frame buffer device 175x65  
[    3.808757] radeon 0000:01:00.0: fb0: radeondrmfb frame buffer device  
[    3.808760] radeon 0000:01:00.0: registered panic notifier  
[    3.814109] [drm] Initialized radeon 2.42.0 20080528 for 0000:01:00.0 on minor 0  
[    4.240657] audit: type=1130 audit(1441584307.259:10): pid=1 uid=0 auid=4294967295 ses=4294967295 subj=kernel msg='unit=plymouth-start comm="systemd" exe="/usr/lib/systemd/systemd" hostname=? addr=? terminal=? res=success'  
[    4.335635] random: nonblocking pool is initialized  
[    4.749965] EXT4-fs (dm-1): mounted filesystem with ordered data mode. Opts: (null)  
[    5.349431] systemd-journald[99]: Received SIGTERM from PID 1 (systemd).  
[    6.245632] SELinux: 32768 avtab hash slots, 105963 rules.  
[    6.293204] SELinux: 32768 avtab hash slots, 105963 rules.  
[    6.354311] SELinux:  8 users, 105 roles, 4976 types, 303 bools, 1 sens, 1024 cats  
[    6.354323] SELinux:  83 classes, 105963 rules  
[    6.369040] SELinux:  Permission audit_read in class capability2 not defined in policy.  
[    6.369059] SELinux:  Class binder not defined in policy.  
[    6.369063] SELinux: the above unknown classes and permissions will be allowed  
[    6.369078] SELinux:  Completing initialization.  
[    6.369082] SELinux:  Setting up existing superblocks.  
[    6.385733] audit_printk_skb: 93 callbacks suppressed  
[    6.385742] audit: type=1403 audit(1441584309.404:42): policy loaded auid=4294967295 ses=4294967295  
[    6.412436] systemd[1]: Successfully loaded SELinux policy in 322.330ms.  
[    6.640841] systemd[1]: Relabelled /dev and /run in 59.678ms.  
[    8.363951] audit: type=1130 audit(1441584311.382:43): pid=1 uid=0 auid=4294967295 ses=4294967295 subj=system_u:system_r:init_t:s0 msg='unit=systemd-journald comm="systemd" exe="/usr/lib/systemd/systemd" hostname=? addr=? terminal=? res=success'  
[    8.364039] audit: type=1131 audit(1441584311.383:44): pid=1 uid=0 auid=4294967295 ses=4294967295 subj=system_u:system_r:init_t:s0 msg='unit=systemd-journald comm="systemd" exe="/usr/lib/systemd/systemd" hostname=? addr=? terminal=? res=success'  
[    8.365411] audit: type=1130 audit(1441584311.384:45): pid=1 uid=0 auid=4294967295 ses=4294967295 subj=system_u:system_r:init_t:s0 msg='unit=initrd-switch-root comm="systemd" exe="/usr/lib/systemd/systemd" hostname=? addr=? terminal=? res=success'  
[    8.365461] audit: type=1131 audit(1441584311.384:46): pid=1 uid=0 auid=4294967295 ses=4294967295 subj=system_u:system_r:init_t:s0 msg='unit=initrd-switch-root comm="systemd" exe="/usr/lib/systemd/systemd" hostname=? addr=? terminal=? res=success'  
[    8.380263] audit: type=1130 audit(1441584311.399:47): pid=1 uid=0 auid=4294967295 ses=4294967295 subj=system_u:system_r:init_t:s0 msg='unit=systemd-journald comm="systemd" exe="/usr/lib/systemd/systemd" hostname=? addr=? terminal=? res=success'  
[    8.380322] audit: type=1131 audit(1441584311.399:48): pid=1 uid=0 auid=4294967295 ses=4294967295 subj=system_u:system_r:init_t:s0 msg='unit=systemd-journald comm="systemd" exe="/usr/lib/systemd/systemd" hostname=? addr=? terminal=? res=success'  
[    8.946781] audit: type=1130 audit(1441584311.965:49): pid=1 uid=0 auid=4294967295 ses=4294967295 subj=system_u:system_r:init_t:s0 msg='unit=systemd-sysctl comm="systemd" exe="/usr/lib/systemd/systemd" hostname=? addr=? terminal=? res=success'  
[    9.002457] EXT4-fs (dm-1): re-mounted. Opts: (null)  
[    9.007472] audit: type=1130 audit(1441584312.026:50): pid=1 uid=0 auid=4294967295 ses=4294967295 subj=system_u:system_r:init_t:s0 msg='unit=systemd-remount-fs comm="systemd" exe="/usr/lib/systemd/systemd" hostname=? addr=? terminal=? res=success'  
[    9.016586] audit: type=1130 audit(1441584312.035:51): pid=1 uid=0 auid=4294967295 ses=4294967295 subj=system_u:system_r:init_t:s0 msg='unit=kmod-static-nodes comm="systemd" exe="/usr/lib/systemd/systemd" hostname=? addr=? terminal=? res=success'  
[   10.290121] RPC: Registered named UNIX socket transport module.  
[   10.290129] RPC: Registered udp transport module.  
[   10.290132] RPC: Registered tcp transport module.  
[   10.290136] RPC: Registered tcp NFSv4.1 backchannel transport module.  
[   10.770323] Installing knfsd (copyright (C) 1996 okir@monad.swb.de).  
[   13.900681] ACPI: Video Device [VID1] (multi-head: yes  rom: no  post: no)  
[   13.903311] acpi device:06: registered as cooling_device2  
[   13.903422] input: Video Bus as /devices/LNXSYSTM:00/LNXSYBUS:00/PNP0A08:00/device:05/LNXVIDEO:01/input/input6  
[   14.119846] NET: Registered protocol family 23  
[   14.240248] nsc-ircc 00:05: [io  0x02f8-0x02ff]  
[   14.240374] nsc-ircc 00:05: [irq 3]  
[   14.240378] nsc-ircc 00:05: [dma 1]  
[   14.240797] nsc-ircc 00:05: activated  
[   14.240834] nsc-ircc, chip->init  
[   14.240848] nsc-ircc, Found chip at base=0x164e  
[   14.240890] nsc-ircc, driver loaded (Dag Brattli)  
[   14.241157] IrDA: Registered device irda0  
[   14.241160] nsc-ircc, Using dongle: IBM31T1100 or Temic TFDS6000/TFDS6500  
[   14.533349] tpm_tis 00:06: 1.2 TPM (device-id 0x3202, rev-id 5)  
[   14.648956] i801_smbus 0000:00:1f.3: SMBus using PCI interrupt  
[   14.726411] intel_rng: FWH not detected  
[   14.983673] thinkpad_acpi: ThinkPad ACPI Extras v0.25  
[   14.983678] thinkpad_acpi: http://ibm-acpi.sf.net/  
[   14.983680] thinkpad_acpi: ThinkPad BIOS 79ETE1WW (2.21 ), EC 79HT50WW-1.07  
[   14.983682] thinkpad_acpi: Lenovo ThinkPad T60p, model 200887U  
[   14.983683] thinkpad_acpi: WARNING: Outdated ThinkPad BIOS/EC firmware  
[   14.983685] thinkpad_acpi: WARNING: This firmware may be missing critical bug fixes and/or important features  
[   14.984884] thinkpad_acpi: detected a 8-level brightness capable ThinkPad  
[   14.985042] thinkpad_acpi: radio switch found; radios are enabled  
[   14.985066] thinkpad_acpi: This ThinkPad has standard ACPI backlight brightness control, supported by the ACPI video driver  
[   14.985068] thinkpad_acpi: Disabling thinkpad-acpi brightness events by default...  
[   14.991502] thinkpad_acpi: rfkill switch tpacpi_bluetooth_sw: radio is unblocked  
[   14.996738] thinkpad_acpi: Standard ACPI backlight interface available, not loading native one  
[   14.996949] thinkpad_acpi: Console audio control enabled, mode: monitor (read only)  
[   14.998275] input: ThinkPad Extra Buttons as /devices/platform/thinkpad_acpi/input/input7  
[   15.202472] cfg80211: Calling CRDA to update world regulatory domain  
[   15.238772] ACPI Warning: SystemIO range 0x0000000000001028-0x000000000000102F conflicts with OpRegion 0x0000000000001000-0x000000000000107F (\_SB_.PCI0.LPC_.PMIO) (20150410/utaddress-254)  
[   15.238783] ACPI: If an ACPI driver is available for this device, you should use it instead of the native driver  
[   15.238787] ACPI Warning: SystemIO range 0x00000000000011B0-0x00000000000011BF conflicts with OpRegion 0x0000000000001180-0x00000000000011BF (\_SB_.PCI0.LPC_.LPIO) (20150410/utaddress-254)  
[   15.238793] ACPI: If an ACPI driver is available for this device, you should use it instead of the native driver  
[   15.238795] ACPI Warning: SystemIO range 0x0000000000001180-0x00000000000011AF conflicts with OpRegion 0x0000000000001180-0x00000000000011BF (\_SB_.PCI0.LPC_.LPIO) (20150410/utaddress-254)  
[   15.238800] ACPI: If an ACPI driver is available for this device, you should use it instead of the native driver  
[   15.238802] lpc_ich: Resource conflict(s) found affecting gpio_ich  
[   15.271581] leds_ss4200: no LED devices found  
[   16.455735] pcmcia_socket pcmcia_socket0: cs: memory probe 0x0c0000-0x0fffff:  
[   16.455751]  excluding 0xc0000-0xd3fff 0xdc000-0xfffff  
[   16.455861] pcmcia_socket pcmcia_socket0: cs: memory probe 0xa0000000-0xa0ffffff:  
[   16.455882]  clean.  
[   16.455976] pcmcia_socket pcmcia_socket0: cs: memory probe 0x60000000-0x60ffffff:  
[   16.455995]  excluding 0x60000000-0x60ffffff  
[   16.521197] Bluetooth: Core ver 2.20  
[   16.521239] NET: Registered protocol family 31  
[   16.521241] Bluetooth: HCI device and connection manager initialized  
[   16.521248] Bluetooth: HCI socket layer initialized  
[   16.521252] Bluetooth: L2CAP socket layer initialized  
[   16.521261] Bluetooth: SCO socket layer initialized  
[   16.730631] usbcore: registered new interface driver btusb  
[   16.790025] ppdev: user-space parallel port driver  
[   17.042730] snd_hda_intel 0000:00:1b.0: probe_mask set to 0x1 for device 17aa:2010  
[   17.046538] iTCO_vendor_support: vendor-support=0  
[   17.107919] iTCO_wdt: Intel TCO WatchDog Timer Driver v1.11  
[   17.108025] iTCO_wdt: Found a ICH7-M or ICH7-U TCO device (Version=2, TCOBASE=0x1060)  
[   17.108706] iTCO_wdt: initialized. heartbeat=30 sec (nowayout=0)  
[   17.122127] iwl3945: Intel(R) PRO/Wireless 3945ABG/BG Network Connection driver for Linux, in-tree:ds  
[   17.122131] iwl3945: Copyright(c) 2003-2011 Intel Corporation  
[   17.122208] iwl3945 0000:03:00.0: can't disable ASPM; OS doesn't have ASPM control  
[   17.176205] iwl3945 0000:03:00.0: Tunable channels: 11 802.11bg, 13 802.11a channels  
[   17.176211] iwl3945 0000:03:00.0: Detected Intel Wireless WiFi Link 3945ABG  
[   17.183051] snd_hda_codec_analog hdaudioC0D0: autoconfig for AD1981: line_outs=1 (0x5/0x0/0x0/0x0/0x0) type:speaker  
[   17.183057] snd_hda_codec_analog hdaudioC0D0:    speaker_outs=0 (0x0/0x0/0x0/0x0/0x0)  
[   17.183060] snd_hda_codec_analog hdaudioC0D0:    hp_outs=0 (0x0/0x0/0x0/0x0/0x0)  
[   17.183063] snd_hda_codec_analog hdaudioC0D0:    mono: mono_out=0x0  
[   17.183066] snd_hda_codec_analog hdaudioC0D0:    dig-out=0xa/0x0  
[   17.183068] snd_hda_codec_analog hdaudioC0D0:    inputs:  
[   17.183071] snd_hda_codec_analog hdaudioC0D0:      Mic=0x8  
[   17.183074] snd_hda_codec_analog hdaudioC0D0:      CD=0x19  
[   17.235671] ieee80211 phy0: Selected rate control algorithm 'iwl-3945-rs'  
[   17.581357] iwl3945 0000:03:00.0 wls3: renamed from wlan0  
[   17.736863] audit_printk_skb: 27 callbacks suppressed  
[   17.736870] audit: type=1130 audit(1441584320.755:61): pid=1 uid=0 auid=4294967295 ses=4294967295 subj=system_u:system_r:init_t:s0 msg='unit=systemd-backlight@backlight:acpi_video0 comm="systemd" exe="/usr/lib/systemd/systemd" hostname=? addr=? terminal=? res=success'  
[   17.761369] audit: type=1130 audit(1441584320.780:62): pid=1 uid=0 auid=4294967295 ses=4294967295 subj=system_u:system_r:init_t:s0 msg='unit=systemd-rfkill@rfkill0 comm="systemd" exe="/usr/lib/systemd/systemd" hostname=? addr=? terminal=? res=success'  
[   17.762155] audit: type=1130 audit(1441584320.781:63): pid=1 uid=0 auid=4294967295 ses=4294967295 subj=system_u:system_r:init_t:s0 msg='unit=systemd-rfkill@rfkill1 comm="systemd" exe="/usr/lib/systemd/systemd" hostname=? addr=? terminal=? res=success'  
[   17.935487] cfg80211: World regulatory domain updated:  
[   17.935497] cfg80211:  DFS Master region: unset  
[   17.935501] cfg80211:   (start_freq - end_freq @ bandwidth), (max_antenna_gain, max_eirp), (dfs_cac_time)  
[   17.935509] cfg80211:   (2402000 KHz - 2472000 KHz @ 40000 KHz), (N/A, 2000 mBm), (N/A)  
[   17.935515] cfg80211:   (2457000 KHz - 2482000 KHz @ 40000 KHz), (N/A, 2000 mBm), (N/A)  
[   17.935520] cfg80211:   (2474000 KHz - 2494000 KHz @ 20000 KHz), (N/A, 2000 mBm), (N/A)  
[   17.935527] cfg80211:   (5170000 KHz - 5250000 KHz @ 80000 KHz, 160000 KHz AUTO), (N/A, 2000 mBm), (N/A)  
[   17.935534] cfg80211:   (5250000 KHz - 5330000 KHz @ 80000 KHz, 160000 KHz AUTO), (N/A, 2000 mBm), (0 s)  
[   17.935539] cfg80211:   (5490000 KHz - 5730000 KHz @ 160000 KHz), (N/A, 2000 mBm), (0 s)  
[   17.935545] cfg80211:   (5735000 KHz - 5835000 KHz @ 80000 KHz), (N/A, 2000 mBm), (N/A)  
[   17.935550] cfg80211:   (57240000 KHz - 63720000 KHz @ 2160000 KHz), (N/A, 0 mBm), (N/A)  
[   18.420469] cfg80211: Calling CRDA for country: CN  
[   18.435249] cfg80211: Regulatory domain changed to country: CN  
[   18.435255] cfg80211:  DFS Master region: FCC  
[   18.435257] cfg80211:   (start_freq - end_freq @ bandwidth), (max_antenna_gain, max_eirp), (dfs_cac_time)  
[   18.435260] cfg80211:   (2402000 KHz - 2482000 KHz @ 40000 KHz), (N/A, 2000 mBm), (N/A)  
[   18.435263] cfg80211:   (5170000 KHz - 5250000 KHz @ 80000 KHz, 160000 KHz AUTO), (N/A, 2300 mBm), (N/A)  
[   18.435267] cfg80211:   (5250000 KHz - 5330000 KHz @ 80000 KHz, 160000 KHz AUTO), (N/A, 2300 mBm), (0 s)  
[   18.435269] cfg80211:   (5735000 KHz - 5835000 KHz @ 80000 KHz), (N/A, 3000 mBm), (N/A)  
[   18.435272] cfg80211:   (57240000 KHz - 59400000 KHz @ 2160000 KHz), (N/A, 2800 mBm), (N/A)  
[   18.435274] cfg80211:   (59400000 KHz - 63720000 KHz @ 2160000 KHz), (N/A, 4400 mBm), (N/A)  
[   18.435277] cfg80211:   (63720000 KHz - 65880000 KHz @ 2160000 KHz), (N/A, 2800 mBm), (N/A)  
[   18.677748] audit: type=1130 audit(1441584321.696:64): pid=1 uid=0 auid=4294967295 ses=4294967295 subj=system_u:system_r:init_t:s0 msg='unit=systemd-rfkill@rfkill2 comm="systemd" exe="/usr/lib/systemd/systemd" hostname=? addr=? terminal=? res=success'  
[   19.017054] Adding 2097148k swap on /dev/mapper/fedora-swap.  Priority:-1 extents:1 across:2097148k FS  
[   19.394434] audit: type=1130 audit(1441584322.414:65): pid=1 uid=0 auid=4294967295 ses=4294967295 subj=system_u:system_r:init_t:s0 msg='unit=systemd-udev-settle comm="systemd" exe="/usr/lib/systemd/systemd" hostname=? addr=? terminal=? res=success'  
[   20.316837] audit: type=1130 audit(1441584323.336:66): pid=1 uid=0 auid=4294967295 ses=4294967295 subj=system_u:system_r:init_t:s0 msg='unit=dmraid-activation comm="systemd" exe="/usr/lib/systemd/systemd" hostname=? addr=? terminal=? res=success'  
[   20.316885] audit: type=1131 audit(1441584323.336:67): pid=1 uid=0 auid=4294967295 ses=4294967295 subj=system_u:system_r:init_t:s0 msg='unit=dmraid-activation comm="systemd" exe="/usr/lib/systemd/systemd" hostname=? addr=? terminal=? res=success'  
[   20.632832] audit: type=1130 audit(1441584323.652:68): pid=1 uid=0 auid=4294967295 ses=4294967295 subj=system_u:system_r:init_t:s0 msg='unit=lvm2-pvscan@8:2 comm="systemd" exe="/usr/lib/systemd/systemd" hostname=? addr=? terminal=? res=success'  
[   21.122943] audit: type=1130 audit(1441584324.142:69): pid=1 uid=0 auid=4294967295 ses=4294967295 subj=system_u:system_r:init_t:s0 msg='unit=systemd-fsck@dev-mapper-fedora\x2dhome comm="systemd" exe="/usr/lib/systemd/systemd" hostname=? addr=? terminal=? res=success'  
[   21.211606] audit: type=1130 audit(1441584324.231:70): pid=1 uid=0 auid=4294967295 ses=4294967295 subj=system_u:system_r:init_t:s0 msg='unit=systemd-fsck@dev-disk-by\x2duuid-4d0946ff\x2d3eb9\x2d4814\x2d8453\x2d43ce20bf9105 comm="systemd" exe="/usr/lib/systemd/systemd" hostname=? addr=? terminal=? res=success'  
[   21.744483] EXT4-fs (sda1): mounted filesystem with ordered data mode. Opts: (null)  
[   22.105228] EXT4-fs (dm-2): mounted filesystem with ordered data mode. Opts: (null)  
[   22.801040] audit_printk_skb: 12 callbacks suppressed  
[   22.801047] audit: type=1130 audit(1441584325.821:75): pid=1 uid=0 auid=4294967295 ses=4294967295 subj=system_u:system_r:init_t:s0 msg='unit=fedora-import-state comm="systemd" exe="/usr/lib/systemd/systemd" hostname=? addr=? terminal=? res=success'  
[   26.642499] audit: type=1130 audit(1441584329.662:76): pid=1 uid=0 auid=4294967295 ses=4294967295 subj=system_u:system_r:init_t:s0 msg='unit=systemd-journald comm="systemd" exe="/usr/lib/systemd/systemd" hostname=? addr=? terminal=? res=success'  
[   26.884000] systemd-journald[486]: Received request to flush runtime journal from PID 1  
[   28.692500] audit: type=1130 audit(1441584331.712:77): pid=1 uid=0 auid=4294967295 ses=4294967295 subj=system_u:system_r:init_t:s0 msg='unit=systemd-journal-flush comm="systemd" exe="/usr/lib/systemd/systemd" hostname=? addr=? terminal=? res=success'  
[   29.049578] audit: type=1130 audit(1441584332.069:78): pid=1 uid=0 auid=4294967295 ses=4294967295 subj=system_u:system_r:init_t:s0 msg='unit=systemd-tmpfiles-setup comm="systemd" exe="/usr/lib/systemd/systemd" hostname=? addr=? terminal=? res=success'  
[   29.194573] audit: type=1305 audit(1441584332.214:79): auid=4294967295 ses=4294967295 subj=system_u:system_r:auditctl_t:s0 op="add_rule" key=(null) list=1 res=1  
[   29.197251] audit: type=1130 audit(1441584332.217:80): pid=1 uid=0 auid=4294967295 ses=4294967295 subj=system_u:system_r:init_t:s0 msg='unit=auditd comm="systemd" exe="/usr/lib/systemd/systemd" hostname=? addr=? terminal=? res=success'  
[   29.453323] audit: type=1305 audit(1441584332.473:81): audit_enabled=1 old=1 auid=4294967295 ses=4294967295 subj=system_u:system_r:auditd_t:s0 res=1  
[   29.453357] audit: type=1305 audit(1441584332.473:82): audit_pid=675 old=0 auid=4294967295 ses=4294967295 subj=system_u:system_r:auditd_t:s0 res=1  
[   35.448359] Bluetooth: BNEP (Ethernet Emulation) ver 1.3  
[   35.448367] Bluetooth: BNEP filters: protocol multicast  
[   35.448379] Bluetooth: BNEP socket layer initialized  
[   40.031898] nf_conntrack version 0.5.0 (16384 buckets, 65536 max)  
[   40.119526] ip6_tables: (C) 2000-2006 Netfilter Core Team  
[   40.379183] Ebtables v2.0 registered  
[   40.453368] bridge: automatic filtering via arp/ip/ip6tables has been deprecated. Update your scripts to load br_netfilter if you need this.  
[   43.491268] IPv6: ADDRCONF(NETDEV_UP): ens2: link is not ready  
[   43.659682] IPv6: ADDRCONF(NETDEV_UP): ens2: link is not ready  
[   43.659688] 8021q: adding VLAN 0 to HW filter on device ens2  
[   43.665500] IPv6: ADDRCONF(NETDEV_UP): wls3: link is not ready  
[   43.737313] iwl3945 0000:03:00.0: loaded firmware version 15.32.2.9  
[   43.808202] IPv6: ADDRCONF(NETDEV_UP): wls3: link is not ready  
[   44.876708] IPv6: ADDRCONF(NETDEV_UP): wls3: link is not ready  
[   48.274368] wls3: authenticate with fc:d7:33:b1:90:a6  
[   48.274586] wls3: send auth to fc:d7:33:b1:90:a6 (try 1/3)  
[   48.278215] wls3: authenticated  
[   48.279107] wls3: associate with fc:d7:33:b1:90:a6 (try 1/3)  
[   48.283404] wls3: RX AssocResp from fc:d7:33:b1:90:a6 (capab=0x431 status=0 aid=3)  
[   48.291679] wls3: associated  
[   48.291759] IPv6: ADDRCONF(NETDEV_CHANGE): wls3: link becomes ready  
[   48.291831] cfg80211: Calling CRDA for country: CN  
[   48.300305] cfg80211: Regulatory domain changed to country: CN  
[   48.300310] cfg80211:  DFS Master region: FCC  
[   48.300313] cfg80211:   (start_freq - end_freq @ bandwidth), (max_antenna_gain, max_eirp), (dfs_cac_time)  
[   48.300316] cfg80211:   (2402000 KHz - 2482000 KHz @ 40000 KHz), (N/A, 2000 mBm), (N/A)  
[   48.300319] cfg80211:   (5170000 KHz - 5250000 KHz @ 80000 KHz, 160000 KHz AUTO), (N/A, 2300 mBm), (N/A)  
[   48.300322] cfg80211:   (5250000 KHz - 5330000 KHz @ 80000 KHz, 160000 KHz AUTO), (N/A, 2300 mBm), (0 s)  
[   48.300325] cfg80211:   (5735000 KHz - 5835000 KHz @ 80000 KHz), (N/A, 3000 mBm), (N/A)  
[   48.300327] cfg80211:   (57240000 KHz - 59400000 KHz @ 2160000 KHz), (N/A, 2800 mBm), (N/A)  
[   48.300330] cfg80211:   (59400000 KHz - 63720000 KHz @ 2160000 KHz), (N/A, 4400 mBm), (N/A)  
[   48.300332] cfg80211:   (63720000 KHz - 65880000 KHz @ 2160000 KHz), (N/A, 2800 mBm), (N/A)  
[   52.754302] tun: Universal TUN/TAP device driver, 1.6  
[   52.754308] tun: (C) 1999-2004 Max Krasnyansky <maxk@qualcomm.com>  
[   52.797469] device virbr0-nic entered promiscuous mode  
[   53.792845] virbr0: port 1(virbr0-nic) entered listening state  
[   53.792866] virbr0: port 1(virbr0-nic) entered listening state  
[   54.395191] virbr0: port 1(virbr0-nic) entered disabled state  
[  253.884121] fuse init (API version 7.23)  
[ 6335.806027] perf interrupt took too long (2501 > 2500), lowering kernel.perf_event_max_sample_rate to 50000  
[ 8349.504099] ieee80211 phy0: wls3: No probe response from AP fc:d7:33:b1:90:a6 after 500ms, disconnecting.  
[ 8349.538319] cfg80211: Calling CRDA to update world regulatory domain  
[ 8349.553259] cfg80211: World regulatory domain updated:  
[ 8349.553265] cfg80211:  DFS Master region: unset  
[ 8349.553268] cfg80211:   (start_freq - end_freq @ bandwidth), (max_antenna_gain, max_eirp), (dfs_cac_time)  
[ 8349.553272] cfg80211:   (2402000 KHz - 2472000 KHz @ 40000 KHz), (N/A, 2000 mBm), (N/A)  
[ 8349.553276] cfg80211:   (2457000 KHz - 2482000 KHz @ 40000 KHz), (N/A, 2000 mBm), (N/A)  
[ 8349.553279] cfg80211:   (2474000 KHz - 2494000 KHz @ 20000 KHz), (N/A, 2000 mBm), (N/A)  
[ 8349.553283] cfg80211:   (5170000 KHz - 5250000 KHz @ 80000 KHz, 160000 KHz AUTO), (N/A, 2000 mBm), (N/A)  
[ 8349.553288] cfg80211:   (5250000 KHz - 5330000 KHz @ 80000 KHz, 160000 KHz AUTO), (N/A, 2000 mBm), (0 s)  
[ 8349.553291] cfg80211:   (5490000 KHz - 5730000 KHz @ 160000 KHz), (N/A, 2000 mBm), (0 s)  
[ 8349.553294] cfg80211:   (5735000 KHz - 5835000 KHz @ 80000 KHz), (N/A, 2000 mBm), (N/A)  
[ 8349.553298] cfg80211:   (57240000 KHz - 63720000 KHz @ 2160000 KHz), (N/A, 0 mBm), (N/A)  
[ 8349.553325] cfg80211: Calling CRDA for country: CN  
[ 8349.558650] cfg80211: Regulatory domain changed to country: CN  
[ 8349.558656] cfg80211:  DFS Master region: FCC  
[ 8349.558659] cfg80211:   (start_freq - end_freq @ bandwidth), (max_antenna_gain, max_eirp), (dfs_cac_time)  
[ 8349.558663] cfg80211:   (2402000 KHz - 2482000 KHz @ 40000 KHz), (N/A, 2000 mBm), (N/A)  
[ 8349.558667] cfg80211:   (5170000 KHz - 5250000 KHz @ 80000 KHz, 160000 KHz AUTO), (N/A, 2300 mBm), (N/A)  
[ 8349.558671] cfg80211:   (5250000 KHz - 5330000 KHz @ 80000 KHz, 160000 KHz AUTO), (N/A, 2300 mBm), (0 s)  
[ 8349.558675] cfg80211:   (5735000 KHz - 5835000 KHz @ 80000 KHz), (N/A, 3000 mBm), (N/A)  
[ 8349.558678] cfg80211:   (57240000 KHz - 59400000 KHz @ 2160000 KHz), (N/A, 2800 mBm), (N/A)  
[ 8349.558681] cfg80211:   (59400000 KHz - 63720000 KHz @ 2160000 KHz), (N/A, 4400 mBm), (N/A)  
[ 8349.558684] cfg80211:   (63720000 KHz - 65880000 KHz @ 2160000 KHz), (N/A, 2800 mBm), (N/A)  
[ 8351.765939] wls3: authenticate with fc:d7:33:b1:90:a6  
[ 8351.768790] wls3: send auth to fc:d7:33:b1:90:a6 (try 1/3)  
[ 8351.772623] wls3: authenticated  
[ 8351.773226] wls3: associate with fc:d7:33:b1:90:a6 (try 1/3)  
[ 8351.776242] wls3: RX AssocResp from fc:d7:33:b1:90:a6 (capab=0x431 status=0 aid=3)  
[ 8351.782730] wls3: associated  
[ 8351.782809] cfg80211: Calling CRDA for country: CN  
[ 8351.789278] cfg80211: Regulatory domain changed to country: CN  
[ 8351.789284] cfg80211:  DFS Master region: FCC  
[ 8351.789286] cfg80211:   (start_freq - end_freq @ bandwidth), (max_antenna_gain, max_eirp), (dfs_cac_time)  
[ 8351.789289] cfg80211:   (2402000 KHz - 2482000 KHz @ 40000 KHz), (N/A, 2000 mBm), (N/A)  
[ 8351.789293] cfg80211:   (5170000 KHz - 5250000 KHz @ 80000 KHz, 160000 KHz AUTO), (N/A, 2300 mBm), (N/A)  
[ 8351.789296] cfg80211:   (5250000 KHz - 5330000 KHz @ 80000 KHz, 160000 KHz AUTO), (N/A, 2300 mBm), (0 s)  
[ 8351.789298] cfg80211:   (5735000 KHz - 5835000 KHz @ 80000 KHz), (N/A, 3000 mBm), (N/A)  
[ 8351.789301] cfg80211:   (57240000 KHz - 59400000 KHz @ 2160000 KHz), (N/A, 2800 mBm), (N/A)  
[ 8351.789303] cfg80211:   (59400000 KHz - 63720000 KHz @ 2160000 KHz), (N/A, 4400 mBm), (N/A)  
[ 8351.789306] cfg80211:   (63720000 KHz - 65880000 KHz @ 2160000 KHz), (N/A, 2800 mBm), (N/A)  
